Copyright 1986-2020 Xilinx, Inc. All Rights Reserved.
-----------------------------------------------------------------------------------------------------------------------------------------------
| Tool Version : Vivado v.2020.2 (win64) Build 3064766 Wed Nov 18 09:12:45 MST 2020
| Date         : Wed Feb  5 19:42:44 2025
| Host         : Win102023HEYRFQ running 64-bit major release  (build 9200)
| Command      : report_methodology -file top_methodology_drc_routed.rpt -pb top_methodology_drc_routed.pb -rpx top_methodology_drc_routed.rpx
| Design       : top
| Device       : xc7a35tfgg484-2
| Speed File   : -2
| Design State : Fully Routed
-----------------------------------------------------------------------------------------------------------------------------------------------

Report Methodology

Table of Contents
-----------------
1. REPORT SUMMARY
2. REPORT DETAILS

1. REPORT SUMMARY
-----------------
            Netlist: netlist
          Floorplan: design_1
      Design limits: <entire design considered>
             Max violations: <unlimited>
             Violations found: 269
+-----------+----------+------------------------------------------------------+------------+
| Rule      | Severity | Description                                          | Violations |
+-----------+----------+------------------------------------------------------+------------+
| LUTAR-1   | Warning  | LUT drives async reset alert                         | 5          |
| PDRC-190  | Warning  | Suboptimally placed synchronized register chain      | 34         |
| TIMING-9  | Warning  | Unknown CDC Logic                                    | 1          |
| TIMING-10 | Warning  | Missing property on synchronizer                     | 1          |
| TIMING-18 | Warning  | Missing input or output delay                        | 165        |
| TIMING-28 | Warning  | Auto-derived clock referenced by a timing constraint | 46         |
| XDCB-5    | Warning  | Runtime inefficient way to find pin objects          | 1          |
| REQP-1959 | Advisory | connects_SERDES_RST_driver_not_FF                    | 16         |
+-----------+----------+------------------------------------------------------+------------+

2. REPORT DETAILS
-----------------
LUTAR-1#1 Warning
LUT drives async reset alert  
LUT cell UU3/u_ddr3/u_ddr3_mig/u_iodelay_ctrl/rstdiv2_sync_r[11]_i_1, with 2 or more inputs, drives asynchronous preset/clear pin(s) UU3/u_ddr3/u_ddr3_mig/u_ddr3_infrastructure/rstdiv0_sync_r1_reg/PRE,
UU3/u_ddr3/u_ddr3_mig/u_ddr3_infrastructure/rstdiv0_sync_r1_reg_rep/PRE,
UU3/u_ddr3/u_ddr3_mig/u_ddr3_infrastructure/rstdiv0_sync_r1_reg_rep__0/PRE,
UU3/u_ddr3/u_ddr3_mig/u_ddr3_infrastructure/rstdiv0_sync_r1_reg_rep__1/PRE,
UU3/u_ddr3/u_ddr3_mig/u_ddr3_infrastructure/rstdiv0_sync_r1_reg_rep__10/PRE,
UU3/u_ddr3/u_ddr3_mig/u_ddr3_infrastructure/rstdiv0_sync_r1_reg_rep__11/PRE,
UU3/u_ddr3/u_ddr3_mig/u_ddr3_infrastructure/rstdiv0_sync_r1_reg_rep__12/PRE,
UU3/u_ddr3/u_ddr3_mig/u_ddr3_infrastructure/rstdiv0_sync_r1_reg_rep__13/PRE,
UU3/u_ddr3/u_ddr3_mig/u_ddr3_infrastructure/rstdiv0_sync_r1_reg_rep__14/PRE,
UU3/u_ddr3/u_ddr3_mig/u_ddr3_infrastructure/rstdiv0_sync_r1_reg_rep__15/PRE,
UU3/u_ddr3/u_ddr3_mig/u_ddr3_infrastructure/rstdiv0_sync_r1_reg_rep__16/PRE,
UU3/u_ddr3/u_ddr3_mig/u_ddr3_infrastructure/rstdiv0_sync_r1_reg_rep__2/PRE,
UU3/u_ddr3/u_ddr3_mig/u_ddr3_infrastructure/rstdiv0_sync_r1_reg_rep__3/PRE,
UU3/u_ddr3/u_ddr3_mig/u_ddr3_infrastructure/rstdiv0_sync_r1_reg_rep__4/PRE,
UU3/u_ddr3/u_ddr3_mig/u_ddr3_infrastructure/rstdiv0_sync_r1_reg_rep__5/PRE
 (the first 15 of 31 listed). The LUT may glitch and trigger an unexpected reset, even if it is a properly timed path.
Related violations: <none>

LUTAR-1#2 Warning
LUT drives async reset alert  
LUT cell dbg_hub/inst/BSCANID.u_xsdbm_id/CORE_XSDB.UUT_MASTER/U_ICON_INTERFACE/U_CMD6_RD/U_RD_FIFO/SUBCORE_FIFO.xsdbm_v3_0_0_rdfifo_inst/inst_fifo_gen/gconvfifo.rf/grf.rf/rstblk/ngwrdrst.grst.g7serrst.gwrrd_rst_sync_stage[2].rrst_inst/ngwrdrst.grst.g7serrst.rd_rst_reg[2]_i_1, with 2 or more inputs, drives asynchronous preset/clear pin(s) dbg_hub/inst/BSCANID.u_xsdbm_id/CORE_XSDB.UUT_MASTER/U_ICON_INTERFACE/U_CMD6_RD/U_RD_FIFO/SUBCORE_FIFO.xsdbm_v3_0_0_rdfifo_inst/inst_fifo_gen/gconvfifo.rf/grf.rf/rstblk/ngwrdrst.grst.g7serrst.rd_rst_reg_reg[0]/PRE,
dbg_hub/inst/BSCANID.u_xsdbm_id/CORE_XSDB.UUT_MASTER/U_ICON_INTERFACE/U_CMD6_RD/U_RD_FIFO/SUBCORE_FIFO.xsdbm_v3_0_0_rdfifo_inst/inst_fifo_gen/gconvfifo.rf/grf.rf/rstblk/ngwrdrst.grst.g7serrst.rd_rst_reg_reg[1]/PRE
dbg_hub/inst/BSCANID.u_xsdbm_id/CORE_XSDB.UUT_MASTER/U_ICON_INTERFACE/U_CMD6_RD/U_RD_FIFO/SUBCORE_FIFO.xsdbm_v3_0_0_rdfifo_inst/inst_fifo_gen/gconvfifo.rf/grf.rf/rstblk/ngwrdrst.grst.g7serrst.rd_rst_reg_reg[2]/PRE. The LUT may glitch and trigger an unexpected reset, even if it is a properly timed path.
Related violations: <none>

LUTAR-1#3 Warning
LUT drives async reset alert  
LUT cell dbg_hub/inst/BSCANID.u_xsdbm_id/CORE_XSDB.UUT_MASTER/U_ICON_INTERFACE/U_CMD6_RD/U_RD_FIFO/SUBCORE_FIFO.xsdbm_v3_0_0_rdfifo_inst/inst_fifo_gen/gconvfifo.rf/grf.rf/rstblk/ngwrdrst.grst.g7serrst.gwrrd_rst_sync_stage[2].wrst_inst/ngwrdrst.grst.g7serrst.wr_rst_reg[2]_i_1, with 2 or more inputs, drives asynchronous preset/clear pin(s) dbg_hub/inst/BSCANID.u_xsdbm_id/CORE_XSDB.UUT_MASTER/U_ICON_INTERFACE/U_CMD6_RD/U_RD_FIFO/SUBCORE_FIFO.xsdbm_v3_0_0_rdfifo_inst/inst_fifo_gen/gconvfifo.rf/grf.rf/rstblk/ngwrdrst.grst.g7serrst.wr_rst_reg_reg[0]/PRE,
dbg_hub/inst/BSCANID.u_xsdbm_id/CORE_XSDB.UUT_MASTER/U_ICON_INTERFACE/U_CMD6_RD/U_RD_FIFO/SUBCORE_FIFO.xsdbm_v3_0_0_rdfifo_inst/inst_fifo_gen/gconvfifo.rf/grf.rf/rstblk/ngwrdrst.grst.g7serrst.wr_rst_reg_reg[1]/PRE
dbg_hub/inst/BSCANID.u_xsdbm_id/CORE_XSDB.UUT_MASTER/U_ICON_INTERFACE/U_CMD6_RD/U_RD_FIFO/SUBCORE_FIFO.xsdbm_v3_0_0_rdfifo_inst/inst_fifo_gen/gconvfifo.rf/grf.rf/rstblk/ngwrdrst.grst.g7serrst.wr_rst_reg_reg[2]/PRE. The LUT may glitch and trigger an unexpected reset, even if it is a properly timed path.
Related violations: <none>

LUTAR-1#4 Warning
LUT drives async reset alert  
LUT cell dbg_hub/inst/BSCANID.u_xsdbm_id/CORE_XSDB.UUT_MASTER/U_ICON_INTERFACE/U_CMD6_WR/U_WR_FIFO/SUBCORE_FIFO.xsdbm_v3_0_0_wrfifo_inst/inst_fifo_gen/gconvfifo.rf/grf.rf/rstblk/ngwrdrst.grst.g7serrst.gwrrd_rst_sync_stage[2].rrst_inst/ngwrdrst.grst.g7serrst.rd_rst_reg[2]_i_1, with 2 or more inputs, drives asynchronous preset/clear pin(s) dbg_hub/inst/BSCANID.u_xsdbm_id/CORE_XSDB.UUT_MASTER/U_ICON_INTERFACE/U_CMD6_WR/U_WR_FIFO/SUBCORE_FIFO.xsdbm_v3_0_0_wrfifo_inst/inst_fifo_gen/gconvfifo.rf/grf.rf/rstblk/ngwrdrst.grst.g7serrst.rd_rst_reg_reg[0]/PRE,
dbg_hub/inst/BSCANID.u_xsdbm_id/CORE_XSDB.UUT_MASTER/U_ICON_INTERFACE/U_CMD6_WR/U_WR_FIFO/SUBCORE_FIFO.xsdbm_v3_0_0_wrfifo_inst/inst_fifo_gen/gconvfifo.rf/grf.rf/rstblk/ngwrdrst.grst.g7serrst.rd_rst_reg_reg[1]/PRE
dbg_hub/inst/BSCANID.u_xsdbm_id/CORE_XSDB.UUT_MASTER/U_ICON_INTERFACE/U_CMD6_WR/U_WR_FIFO/SUBCORE_FIFO.xsdbm_v3_0_0_wrfifo_inst/inst_fifo_gen/gconvfifo.rf/grf.rf/rstblk/ngwrdrst.grst.g7serrst.rd_rst_reg_reg[2]/PRE. The LUT may glitch and trigger an unexpected reset, even if it is a properly timed path.
Related violations: <none>

LUTAR-1#5 Warning
LUT drives async reset alert  
LUT cell dbg_hub/inst/BSCANID.u_xsdbm_id/CORE_XSDB.UUT_MASTER/U_ICON_INTERFACE/U_CMD6_WR/U_WR_FIFO/SUBCORE_FIFO.xsdbm_v3_0_0_wrfifo_inst/inst_fifo_gen/gconvfifo.rf/grf.rf/rstblk/ngwrdrst.grst.g7serrst.gwrrd_rst_sync_stage[2].wrst_inst/ngwrdrst.grst.g7serrst.wr_rst_reg[2]_i_1, with 2 or more inputs, drives asynchronous preset/clear pin(s) dbg_hub/inst/BSCANID.u_xsdbm_id/CORE_XSDB.UUT_MASTER/U_ICON_INTERFACE/U_CMD6_WR/U_WR_FIFO/SUBCORE_FIFO.xsdbm_v3_0_0_wrfifo_inst/inst_fifo_gen/gconvfifo.rf/grf.rf/rstblk/ngwrdrst.grst.g7serrst.wr_rst_reg_reg[0]/PRE,
dbg_hub/inst/BSCANID.u_xsdbm_id/CORE_XSDB.UUT_MASTER/U_ICON_INTERFACE/U_CMD6_WR/U_WR_FIFO/SUBCORE_FIFO.xsdbm_v3_0_0_wrfifo_inst/inst_fifo_gen/gconvfifo.rf/grf.rf/rstblk/ngwrdrst.grst.g7serrst.wr_rst_reg_reg[1]/PRE
dbg_hub/inst/BSCANID.u_xsdbm_id/CORE_XSDB.UUT_MASTER/U_ICON_INTERFACE/U_CMD6_WR/U_WR_FIFO/SUBCORE_FIFO.xsdbm_v3_0_0_wrfifo_inst/inst_fifo_gen/gconvfifo.rf/grf.rf/rstblk/ngwrdrst.grst.g7serrst.wr_rst_reg_reg[2]/PRE. The LUT may glitch and trigger an unexpected reset, even if it is a properly timed path.
Related violations: <none>

PDRC-190#1 Warning
Suboptimally placed synchronized register chain  
The FDRE cell UU3/u_ddr3/u_ddr3_mig/temp_mon_enabled.u_tempmon/device_temp_sync_r5_reg[0] in site SLICE_X29Y64 is part of a synchronized register chain that is suboptimally placed as the load FDRE cell UU3/u_ddr3/u_ddr3_mig/temp_mon_enabled.u_tempmon/device_temp_r_reg[0] is not placed in the same (SLICE) site.
Related violations: <none>

PDRC-190#2 Warning
Suboptimally placed synchronized register chain  
The FDRE cell UU3/u_ddr3/u_ddr3_mig/temp_mon_enabled.u_tempmon/device_temp_sync_r5_reg[10] in site SLICE_X34Y66 is part of a synchronized register chain that is suboptimally placed as the load FDRE cell UU3/u_ddr3/u_ddr3_mig/temp_mon_enabled.u_tempmon/device_temp_r_reg[10] is not placed in the same (SLICE) site.
Related violations: <none>

PDRC-190#3 Warning
Suboptimally placed synchronized register chain  
The FDRE cell UU3/u_ddr3/u_ddr3_mig/temp_mon_enabled.u_tempmon/device_temp_sync_r5_reg[11] in site SLICE_X31Y62 is part of a synchronized register chain that is suboptimally placed as the load FDRE cell UU3/u_ddr3/u_ddr3_mig/temp_mon_enabled.u_tempmon/device_temp_r_reg[11] is not placed in the same (SLICE) site.
Related violations: <none>

PDRC-190#4 Warning
Suboptimally placed synchronized register chain  
The FDRE cell UU3/u_ddr3/u_ddr3_mig/temp_mon_enabled.u_tempmon/device_temp_sync_r5_reg[1] in site SLICE_X28Y63 is part of a synchronized register chain that is suboptimally placed as the load FDRE cell UU3/u_ddr3/u_ddr3_mig/temp_mon_enabled.u_tempmon/device_temp_r_reg[1] is not placed in the same (SLICE) site.
Related violations: <none>

PDRC-190#5 Warning
Suboptimally placed synchronized register chain  
The FDRE cell UU3/u_ddr3/u_ddr3_mig/temp_mon_enabled.u_tempmon/device_temp_sync_r5_reg[2] in site SLICE_X30Y64 is part of a synchronized register chain that is suboptimally placed as the load FDRE cell UU3/u_ddr3/u_ddr3_mig/temp_mon_enabled.u_tempmon/device_temp_r_reg[2] is not placed in the same (SLICE) site.
Related violations: <none>

PDRC-190#6 Warning
Suboptimally placed synchronized register chain  
The FDRE cell UU3/u_ddr3/u_ddr3_mig/temp_mon_enabled.u_tempmon/device_temp_sync_r5_reg[3] in site SLICE_X32Y59 is part of a synchronized register chain that is suboptimally placed as the load FDRE cell UU3/u_ddr3/u_ddr3_mig/temp_mon_enabled.u_tempmon/device_temp_r_reg[3] is not placed in the same (SLICE) site.
Related violations: <none>

PDRC-190#7 Warning
Suboptimally placed synchronized register chain  
The FDRE cell UU3/u_ddr3/u_ddr3_mig/temp_mon_enabled.u_tempmon/device_temp_sync_r5_reg[4] in site SLICE_X33Y61 is part of a synchronized register chain that is suboptimally placed as the load FDRE cell UU3/u_ddr3/u_ddr3_mig/temp_mon_enabled.u_tempmon/device_temp_r_reg[4] is not placed in the same (SLICE) site.
Related violations: <none>

PDRC-190#8 Warning
Suboptimally placed synchronized register chain  
The FDRE cell UU3/u_ddr3/u_ddr3_mig/temp_mon_enabled.u_tempmon/device_temp_sync_r5_reg[5] in site SLICE_X34Y62 is part of a synchronized register chain that is suboptimally placed as the load FDRE cell UU3/u_ddr3/u_ddr3_mig/temp_mon_enabled.u_tempmon/device_temp_r_reg[5] is not placed in the same (SLICE) site.
Related violations: <none>

PDRC-190#9 Warning
Suboptimally placed synchronized register chain  
The FDRE cell UU3/u_ddr3/u_ddr3_mig/temp_mon_enabled.u_tempmon/device_temp_sync_r5_reg[6] in site SLICE_X32Y64 is part of a synchronized register chain that is suboptimally placed as the load FDRE cell UU3/u_ddr3/u_ddr3_mig/temp_mon_enabled.u_tempmon/device_temp_r_reg[6] is not placed in the same (SLICE) site.
Related violations: <none>

PDRC-190#10 Warning
Suboptimally placed synchronized register chain  
The FDRE cell UU3/u_ddr3/u_ddr3_mig/temp_mon_enabled.u_tempmon/device_temp_sync_r5_reg[7] in site SLICE_X35Y63 is part of a synchronized register chain that is suboptimally placed as the load FDRE cell UU3/u_ddr3/u_ddr3_mig/temp_mon_enabled.u_tempmon/device_temp_r_reg[7] is not placed in the same (SLICE) site.
Related violations: <none>

PDRC-190#11 Warning
Suboptimally placed synchronized register chain  
The FDRE cell UU3/u_ddr3/u_ddr3_mig/temp_mon_enabled.u_tempmon/device_temp_sync_r5_reg[8] in site SLICE_X31Y66 is part of a synchronized register chain that is suboptimally placed as the load FDRE cell UU3/u_ddr3/u_ddr3_mig/temp_mon_enabled.u_tempmon/device_temp_r_reg[8] is not placed in the same (SLICE) site.
Related violations: <none>

PDRC-190#12 Warning
Suboptimally placed synchronized register chain  
The FDRE cell UU3/u_ddr3/u_ddr3_mig/temp_mon_enabled.u_tempmon/device_temp_sync_r5_reg[9] in site SLICE_X33Y66 is part of a synchronized register chain that is suboptimally placed as the load FDRE cell UU3/u_ddr3/u_ddr3_mig/temp_mon_enabled.u_tempmon/device_temp_r_reg[9] is not placed in the same (SLICE) site.
Related violations: <none>

PDRC-190#13 Warning
Suboptimally placed synchronized register chain  
The FDRE cell UU5/device_temp_sync_r5_reg[0] in site SLICE_X29Y62 is part of a synchronized register chain that is suboptimally placed as the load FDRE cell UU5/device_temp_r_reg[0] is not placed in the same (SLICE) site.
Related violations: <none>

PDRC-190#14 Warning
Suboptimally placed synchronized register chain  
The FDRE cell UU5/device_temp_sync_r5_reg[10] in site SLICE_X34Y64 is part of a synchronized register chain that is suboptimally placed as the load FDRE cell UU5/device_temp_r_reg[10] is not placed in the same (SLICE) site.
Related violations: <none>

PDRC-190#15 Warning
Suboptimally placed synchronized register chain  
The FDRE cell UU5/device_temp_sync_r5_reg[11] in site SLICE_X31Y60 is part of a synchronized register chain that is suboptimally placed as the load FDRE cell UU5/device_temp_r_reg[11] is not placed in the same (SLICE) site.
Related violations: <none>

PDRC-190#16 Warning
Suboptimally placed synchronized register chain  
The FDRE cell UU5/device_temp_sync_r5_reg[1] in site SLICE_X28Y61 is part of a synchronized register chain that is suboptimally placed as the load FDRE cell UU5/device_temp_r_reg[1] is not placed in the same (SLICE) site.
Related violations: <none>

PDRC-190#17 Warning
Suboptimally placed synchronized register chain  
The FDRE cell UU5/device_temp_sync_r5_reg[2] in site SLICE_X30Y62 is part of a synchronized register chain that is suboptimally placed as the load FDRE cell UU5/device_temp_r_reg[2] is not placed in the same (SLICE) site.
Related violations: <none>

PDRC-190#18 Warning
Suboptimally placed synchronized register chain  
The FDRE cell UU5/device_temp_sync_r5_reg[3] in site SLICE_X32Y57 is part of a synchronized register chain that is suboptimally placed as the load FDRE cell UU5/device_temp_r_reg[3] is not placed in the same (SLICE) site.
Related violations: <none>

PDRC-190#19 Warning
Suboptimally placed synchronized register chain  
The FDRE cell UU5/device_temp_sync_r5_reg[4] in site SLICE_X33Y59 is part of a synchronized register chain that is suboptimally placed as the load FDRE cell UU5/device_temp_r_reg[4] is not placed in the same (SLICE) site.
Related violations: <none>

PDRC-190#20 Warning
Suboptimally placed synchronized register chain  
The FDRE cell UU5/device_temp_sync_r5_reg[5] in site SLICE_X34Y60 is part of a synchronized register chain that is suboptimally placed as the load FDRE cell UU5/device_temp_r_reg[5] is not placed in the same (SLICE) site.
Related violations: <none>

PDRC-190#21 Warning
Suboptimally placed synchronized register chain  
The FDRE cell UU5/device_temp_sync_r5_reg[6] in site SLICE_X32Y62 is part of a synchronized register chain that is suboptimally placed as the load FDRE cell UU5/device_temp_r_reg[6] is not placed in the same (SLICE) site.
Related violations: <none>

PDRC-190#22 Warning
Suboptimally placed synchronized register chain  
The FDRE cell UU5/device_temp_sync_r5_reg[7] in site SLICE_X35Y61 is part of a synchronized register chain that is suboptimally placed as the load FDRE cell UU5/device_temp_r_reg[7] is not placed in the same (SLICE) site.
Related violations: <none>

PDRC-190#23 Warning
Suboptimally placed synchronized register chain  
The FDRE cell UU5/device_temp_sync_r5_reg[8] in site SLICE_X31Y64 is part of a synchronized register chain that is suboptimally placed as the load FDRE cell UU5/device_temp_r_reg[8] is not placed in the same (SLICE) site.
Related violations: <none>

PDRC-190#24 Warning
Suboptimally placed synchronized register chain  
The FDRE cell UU5/device_temp_sync_r5_reg[9] in site SLICE_X33Y64 is part of a synchronized register chain that is suboptimally placed as the load FDRE cell UU5/device_temp_r_reg[9] is not placed in the same (SLICE) site.
Related violations: <none>

PDRC-190#25 Warning
Suboptimally placed synchronized register chain  
The FDRE cell dbg_hub/inst/BSCANID.u_xsdbm_id/CORE_XSDB.UUT_MASTER/U_ICON_INTERFACE/U_CMD2/stat_reg_reg[0] in site SLICE_X33Y38 is part of a synchronized register chain that is suboptimally placed as the load FDRE cell dbg_hub/inst/BSCANID.u_xsdbm_id/CORE_XSDB.UUT_MASTER/U_ICON_INTERFACE/U_CMD2/stat_reg_1_reg[0] is not placed in the same (SLICE) site.
Related violations: <none>

PDRC-190#26 Warning
Suboptimally placed synchronized register chain  
The FDRE cell dbg_hub/inst/BSCANID.u_xsdbm_id/CORE_XSDB.UUT_MASTER/U_ICON_INTERFACE/U_CMD2/stat_reg_reg[1] in site SLICE_X33Y40 is part of a synchronized register chain that is suboptimally placed as the load FDRE cell dbg_hub/inst/BSCANID.u_xsdbm_id/CORE_XSDB.UUT_MASTER/U_ICON_INTERFACE/U_CMD2/stat_reg_1_reg[1] is not placed in the same (SLICE) site.
Related violations: <none>

PDRC-190#27 Warning
Suboptimally placed synchronized register chain  
The FDRE cell dbg_hub/inst/BSCANID.u_xsdbm_id/CORE_XSDB.UUT_MASTER/U_ICON_INTERFACE/U_CMD2/stat_reg_reg[2] in site SLICE_X34Y40 is part of a synchronized register chain that is suboptimally placed as the load FDRE cell dbg_hub/inst/BSCANID.u_xsdbm_id/CORE_XSDB.UUT_MASTER/U_ICON_INTERFACE/U_CMD2/stat_reg_1_reg[2] is not placed in the same (SLICE) site.
Related violations: <none>

PDRC-190#28 Warning
Suboptimally placed synchronized register chain  
The FDRE cell dbg_hub/inst/BSCANID.u_xsdbm_id/CORE_XSDB.UUT_MASTER/U_ICON_INTERFACE/U_CMD2/stat_reg_reg[3] in site SLICE_X34Y37 is part of a synchronized register chain that is suboptimally placed as the load FDRE cell dbg_hub/inst/BSCANID.u_xsdbm_id/CORE_XSDB.UUT_MASTER/U_ICON_INTERFACE/U_CMD2/stat_reg_1_reg[3] is not placed in the same (SLICE) site.
Related violations: <none>

PDRC-190#29 Warning
Suboptimally placed synchronized register chain  
The FDRE cell dbg_hub/inst/BSCANID.u_xsdbm_id/CORE_XSDB.UUT_MASTER/U_ICON_INTERFACE/U_CMD3/stat_reg_reg[0] in site SLICE_X35Y38 is part of a synchronized register chain that is suboptimally placed as the load FDRE cell dbg_hub/inst/BSCANID.u_xsdbm_id/CORE_XSDB.UUT_MASTER/U_ICON_INTERFACE/U_CMD3/stat_reg_1_reg[0] is not placed in the same (SLICE) site.
Related violations: <none>

PDRC-190#30 Warning
Suboptimally placed synchronized register chain  
The FDRE cell dbg_hub/inst/BSCANID.u_xsdbm_id/CORE_XSDB.UUT_MASTER/U_ICON_INTERFACE/U_CMD3/stat_reg_reg[1] in site SLICE_X36Y37 is part of a synchronized register chain that is suboptimally placed as the load FDRE cell dbg_hub/inst/BSCANID.u_xsdbm_id/CORE_XSDB.UUT_MASTER/U_ICON_INTERFACE/U_CMD3/stat_reg_1_reg[1] is not placed in the same (SLICE) site.
Related violations: <none>

PDRC-190#31 Warning
Suboptimally placed synchronized register chain  
The FDRE cell dbg_hub/inst/BSCANID.u_xsdbm_id/CORE_XSDB.UUT_MASTER/U_ICON_INTERFACE/U_CMD3/stat_reg_reg[2] in site SLICE_X37Y37 is part of a synchronized register chain that is suboptimally placed as the load FDRE cell dbg_hub/inst/BSCANID.u_xsdbm_id/CORE_XSDB.UUT_MASTER/U_ICON_INTERFACE/U_CMD3/stat_reg_1_reg[2] is not placed in the same (SLICE) site.
Related violations: <none>

PDRC-190#32 Warning
Suboptimally placed synchronized register chain  
The FDRE cell dbg_hub/inst/BSCANID.u_xsdbm_id/CORE_XSDB.UUT_MASTER/U_ICON_INTERFACE/U_CMD7_STAT/stat_reg_reg[0] in site SLICE_X39Y36 is part of a synchronized register chain that is suboptimally placed as the load FDRE cell dbg_hub/inst/BSCANID.u_xsdbm_id/CORE_XSDB.UUT_MASTER/U_ICON_INTERFACE/U_CMD7_STAT/stat_reg_1_reg[0] is not placed in the same (SLICE) site.
Related violations: <none>

PDRC-190#33 Warning
Suboptimally placed synchronized register chain  
The FDRE cell dbg_hub/inst/BSCANID.u_xsdbm_id/CORE_XSDB.UUT_MASTER/U_ICON_INTERFACE/U_CMD7_STAT/stat_reg_reg[1] in site SLICE_X41Y38 is part of a synchronized register chain that is suboptimally placed as the load FDRE cell dbg_hub/inst/BSCANID.u_xsdbm_id/CORE_XSDB.UUT_MASTER/U_ICON_INTERFACE/U_CMD7_STAT/stat_reg_1_reg[1] is not placed in the same (SLICE) site.
Related violations: <none>

PDRC-190#34 Warning
Suboptimally placed synchronized register chain  
The FDRE cell dbg_hub/inst/BSCANID.u_xsdbm_id/CORE_XSDB.UUT_MASTER/U_ICON_INTERFACE/U_CMD7_STAT/stat_reg_reg[2] in site SLICE_X40Y38 is part of a synchronized register chain that is suboptimally placed as the load FDRE cell dbg_hub/inst/BSCANID.u_xsdbm_id/CORE_XSDB.UUT_MASTER/U_ICON_INTERFACE/U_CMD7_STAT/stat_reg_1_reg[2] is not placed in the same (SLICE) site.
Related violations: <none>

TIMING-9#1 Warning
Unknown CDC Logic  
One or more asynchronous Clock Domain Crossing has been detected between 2 clock domains through a set_false_path or a set_clock_groups or set_max_delay -datapath_only constraint but no double-registers logic synchronizer has been found on the side of the capture clock. It is recommended to run report_cdc for a complete and detailed CDC coverage. Please consider using XPM_CDC to avoid Critical severities
Related violations: <none>

TIMING-10#1 Warning
Missing property on synchronizer  
One or more logic synchronizer has been detected between 2 clock domains but the synchronizer does not have the property ASYNC_REG defined on one or both registers. It is recommended to run report_cdc for a complete and detailed CDC coverage
Related violations: <none>

TIMING-18#1 Warning
Missing input or output delay  
An input delay is missing on key relative to clock(s) sys_clk
Related violations: <none>

TIMING-18#2 Warning
Missing input or output delay  
An output delay is missing on led[0] relative to clock(s) sys_clk
Related violations: <none>

TIMING-18#3 Warning
Missing input or output delay  
An output delay is missing on led[1] relative to clock(s) sys_clk
Related violations: <none>

TIMING-18#4 Warning
Missing input or output delay  
An output delay is missing on o_sig[0] relative to clock(s) sys_clk
Related violations: <none>

TIMING-18#5 Warning
Missing input or output delay  
An output delay is missing on o_sig[100] relative to clock(s) sys_clk
Related violations: <none>

TIMING-18#6 Warning
Missing input or output delay  
An output delay is missing on o_sig[101] relative to clock(s) sys_clk
Related violations: <none>

TIMING-18#7 Warning
Missing input or output delay  
An output delay is missing on o_sig[102] relative to clock(s) sys_clk
Related violations: <none>

TIMING-18#8 Warning
Missing input or output delay  
An output delay is missing on o_sig[103] relative to clock(s) sys_clk
Related violations: <none>

TIMING-18#9 Warning
Missing input or output delay  
An output delay is missing on o_sig[104] relative to clock(s) sys_clk
Related violations: <none>

TIMING-18#10 Warning
Missing input or output delay  
An output delay is missing on o_sig[105] relative to clock(s) sys_clk
Related violations: <none>

TIMING-18#11 Warning
Missing input or output delay  
An output delay is missing on o_sig[106] relative to clock(s) sys_clk
Related violations: <none>

TIMING-18#12 Warning
Missing input or output delay  
An output delay is missing on o_sig[107] relative to clock(s) sys_clk
Related violations: <none>

TIMING-18#13 Warning
Missing input or output delay  
An output delay is missing on o_sig[108] relative to clock(s) sys_clk
Related violations: <none>

TIMING-18#14 Warning
Missing input or output delay  
An output delay is missing on o_sig[109] relative to clock(s) sys_clk
Related violations: <none>

TIMING-18#15 Warning
Missing input or output delay  
An output delay is missing on o_sig[10] relative to clock(s) sys_clk
Related violations: <none>

TIMING-18#16 Warning
Missing input or output delay  
An output delay is missing on o_sig[110] relative to clock(s) sys_clk
Related violations: <none>

TIMING-18#17 Warning
Missing input or output delay  
An output delay is missing on o_sig[111] relative to clock(s) sys_clk
Related violations: <none>

TIMING-18#18 Warning
Missing input or output delay  
An output delay is missing on o_sig[112] relative to clock(s) sys_clk
Related violations: <none>

TIMING-18#19 Warning
Missing input or output delay  
An output delay is missing on o_sig[113] relative to clock(s) sys_clk
Related violations: <none>

TIMING-18#20 Warning
Missing input or output delay  
An output delay is missing on o_sig[114] relative to clock(s) sys_clk
Related violations: <none>

TIMING-18#21 Warning
Missing input or output delay  
An output delay is missing on o_sig[115] relative to clock(s) sys_clk
Related violations: <none>

TIMING-18#22 Warning
Missing input or output delay  
An output delay is missing on o_sig[116] relative to clock(s) sys_clk
Related violations: <none>

TIMING-18#23 Warning
Missing input or output delay  
An output delay is missing on o_sig[117] relative to clock(s) sys_clk
Related violations: <none>

TIMING-18#24 Warning
Missing input or output delay  
An output delay is missing on o_sig[118] relative to clock(s) sys_clk
Related violations: <none>

TIMING-18#25 Warning
Missing input or output delay  
An output delay is missing on o_sig[119] relative to clock(s) sys_clk
Related violations: <none>

TIMING-18#26 Warning
Missing input or output delay  
An output delay is missing on o_sig[11] relative to clock(s) sys_clk
Related violations: <none>

TIMING-18#27 Warning
Missing input or output delay  
An output delay is missing on o_sig[120] relative to clock(s) sys_clk
Related violations: <none>

TIMING-18#28 Warning
Missing input or output delay  
An output delay is missing on o_sig[121] relative to clock(s) sys_clk
Related violations: <none>

TIMING-18#29 Warning
Missing input or output delay  
An output delay is missing on o_sig[122] relative to clock(s) sys_clk
Related violations: <none>

TIMING-18#30 Warning
Missing input or output delay  
An output delay is missing on o_sig[123] relative to clock(s) sys_clk
Related violations: <none>

TIMING-18#31 Warning
Missing input or output delay  
An output delay is missing on o_sig[124] relative to clock(s) sys_clk
Related violations: <none>

TIMING-18#32 Warning
Missing input or output delay  
An output delay is missing on o_sig[125] relative to clock(s) sys_clk
Related violations: <none>

TIMING-18#33 Warning
Missing input or output delay  
An output delay is missing on o_sig[126] relative to clock(s) sys_clk
Related violations: <none>

TIMING-18#34 Warning
Missing input or output delay  
An output delay is missing on o_sig[127] relative to clock(s) sys_clk
Related violations: <none>

TIMING-18#35 Warning
Missing input or output delay  
An output delay is missing on o_sig[128] relative to clock(s) sys_clk
Related violations: <none>

TIMING-18#36 Warning
Missing input or output delay  
An output delay is missing on o_sig[129] relative to clock(s) sys_clk
Related violations: <none>

TIMING-18#37 Warning
Missing input or output delay  
An output delay is missing on o_sig[12] relative to clock(s) sys_clk
Related violations: <none>

TIMING-18#38 Warning
Missing input or output delay  
An output delay is missing on o_sig[130] relative to clock(s) sys_clk
Related violations: <none>

TIMING-18#39 Warning
Missing input or output delay  
An output delay is missing on o_sig[131] relative to clock(s) sys_clk
Related violations: <none>

TIMING-18#40 Warning
Missing input or output delay  
An output delay is missing on o_sig[132] relative to clock(s) sys_clk
Related violations: <none>

TIMING-18#41 Warning
Missing input or output delay  
An output delay is missing on o_sig[133] relative to clock(s) sys_clk
Related violations: <none>

TIMING-18#42 Warning
Missing input or output delay  
An output delay is missing on o_sig[134] relative to clock(s) sys_clk
Related violations: <none>

TIMING-18#43 Warning
Missing input or output delay  
An output delay is missing on o_sig[135] relative to clock(s) sys_clk
Related violations: <none>

TIMING-18#44 Warning
Missing input or output delay  
An output delay is missing on o_sig[136] relative to clock(s) sys_clk
Related violations: <none>

TIMING-18#45 Warning
Missing input or output delay  
An output delay is missing on o_sig[137] relative to clock(s) sys_clk
Related violations: <none>

TIMING-18#46 Warning
Missing input or output delay  
An output delay is missing on o_sig[138] relative to clock(s) sys_clk
Related violations: <none>

TIMING-18#47 Warning
Missing input or output delay  
An output delay is missing on o_sig[139] relative to clock(s) sys_clk
Related violations: <none>

TIMING-18#48 Warning
Missing input or output delay  
An output delay is missing on o_sig[13] relative to clock(s) sys_clk
Related violations: <none>

TIMING-18#49 Warning
Missing input or output delay  
An output delay is missing on o_sig[140] relative to clock(s) sys_clk
Related violations: <none>

TIMING-18#50 Warning
Missing input or output delay  
An output delay is missing on o_sig[141] relative to clock(s) sys_clk
Related violations: <none>

TIMING-18#51 Warning
Missing input or output delay  
An output delay is missing on o_sig[142] relative to clock(s) sys_clk
Related violations: <none>

TIMING-18#52 Warning
Missing input or output delay  
An output delay is missing on o_sig[143] relative to clock(s) sys_clk
Related violations: <none>

TIMING-18#53 Warning
Missing input or output delay  
An output delay is missing on o_sig[144] relative to clock(s) sys_clk
Related violations: <none>

TIMING-18#54 Warning
Missing input or output delay  
An output delay is missing on o_sig[145] relative to clock(s) sys_clk
Related violations: <none>

TIMING-18#55 Warning
Missing input or output delay  
An output delay is missing on o_sig[146] relative to clock(s) sys_clk
Related violations: <none>

TIMING-18#56 Warning
Missing input or output delay  
An output delay is missing on o_sig[147] relative to clock(s) sys_clk
Related violations: <none>

TIMING-18#57 Warning
Missing input or output delay  
An output delay is missing on o_sig[148] relative to clock(s) sys_clk
Related violations: <none>

TIMING-18#58 Warning
Missing input or output delay  
An output delay is missing on o_sig[149] relative to clock(s) sys_clk
Related violations: <none>

TIMING-18#59 Warning
Missing input or output delay  
An output delay is missing on o_sig[14] relative to clock(s) sys_clk
Related violations: <none>

TIMING-18#60 Warning
Missing input or output delay  
An output delay is missing on o_sig[150] relative to clock(s) sys_clk
Related violations: <none>

TIMING-18#61 Warning
Missing input or output delay  
An output delay is missing on o_sig[151] relative to clock(s) sys_clk
Related violations: <none>

TIMING-18#62 Warning
Missing input or output delay  
An output delay is missing on o_sig[152] relative to clock(s) sys_clk
Related violations: <none>

TIMING-18#63 Warning
Missing input or output delay  
An output delay is missing on o_sig[153] relative to clock(s) sys_clk
Related violations: <none>

TIMING-18#64 Warning
Missing input or output delay  
An output delay is missing on o_sig[154] relative to clock(s) sys_clk
Related violations: <none>

TIMING-18#65 Warning
Missing input or output delay  
An output delay is missing on o_sig[155] relative to clock(s) sys_clk
Related violations: <none>

TIMING-18#66 Warning
Missing input or output delay  
An output delay is missing on o_sig[156] relative to clock(s) sys_clk
Related violations: <none>

TIMING-18#67 Warning
Missing input or output delay  
An output delay is missing on o_sig[157] relative to clock(s) sys_clk
Related violations: <none>

TIMING-18#68 Warning
Missing input or output delay  
An output delay is missing on o_sig[158] relative to clock(s) sys_clk
Related violations: <none>

TIMING-18#69 Warning
Missing input or output delay  
An output delay is missing on o_sig[159] relative to clock(s) sys_clk
Related violations: <none>

TIMING-18#70 Warning
Missing input or output delay  
An output delay is missing on o_sig[15] relative to clock(s) sys_clk
Related violations: <none>

TIMING-18#71 Warning
Missing input or output delay  
An output delay is missing on o_sig[160] relative to clock(s) sys_clk
Related violations: <none>

TIMING-18#72 Warning
Missing input or output delay  
An output delay is missing on o_sig[16] relative to clock(s) sys_clk
Related violations: <none>

TIMING-18#73 Warning
Missing input or output delay  
An output delay is missing on o_sig[17] relative to clock(s) sys_clk
Related violations: <none>

TIMING-18#74 Warning
Missing input or output delay  
An output delay is missing on o_sig[18] relative to clock(s) sys_clk
Related violations: <none>

TIMING-18#75 Warning
Missing input or output delay  
An output delay is missing on o_sig[19] relative to clock(s) sys_clk
Related violations: <none>

TIMING-18#76 Warning
Missing input or output delay  
An output delay is missing on o_sig[1] relative to clock(s) sys_clk
Related violations: <none>

TIMING-18#77 Warning
Missing input or output delay  
An output delay is missing on o_sig[20] relative to clock(s) sys_clk
Related violations: <none>

TIMING-18#78 Warning
Missing input or output delay  
An output delay is missing on o_sig[21] relative to clock(s) sys_clk
Related violations: <none>

TIMING-18#79 Warning
Missing input or output delay  
An output delay is missing on o_sig[22] relative to clock(s) sys_clk
Related violations: <none>

TIMING-18#80 Warning
Missing input or output delay  
An output delay is missing on o_sig[23] relative to clock(s) sys_clk
Related violations: <none>

TIMING-18#81 Warning
Missing input or output delay  
An output delay is missing on o_sig[24] relative to clock(s) sys_clk
Related violations: <none>

TIMING-18#82 Warning
Missing input or output delay  
An output delay is missing on o_sig[25] relative to clock(s) sys_clk
Related violations: <none>

TIMING-18#83 Warning
Missing input or output delay  
An output delay is missing on o_sig[26] relative to clock(s) sys_clk
Related violations: <none>

TIMING-18#84 Warning
Missing input or output delay  
An output delay is missing on o_sig[27] relative to clock(s) sys_clk
Related violations: <none>

TIMING-18#85 Warning
Missing input or output delay  
An output delay is missing on o_sig[28] relative to clock(s) sys_clk
Related violations: <none>

TIMING-18#86 Warning
Missing input or output delay  
An output delay is missing on o_sig[29] relative to clock(s) sys_clk
Related violations: <none>

TIMING-18#87 Warning
Missing input or output delay  
An output delay is missing on o_sig[2] relative to clock(s) sys_clk
Related violations: <none>

TIMING-18#88 Warning
Missing input or output delay  
An output delay is missing on o_sig[30] relative to clock(s) sys_clk
Related violations: <none>

TIMING-18#89 Warning
Missing input or output delay  
An output delay is missing on o_sig[31] relative to clock(s) sys_clk
Related violations: <none>

TIMING-18#90 Warning
Missing input or output delay  
An output delay is missing on o_sig[32] relative to clock(s) sys_clk
Related violations: <none>

TIMING-18#91 Warning
Missing input or output delay  
An output delay is missing on o_sig[33] relative to clock(s) sys_clk
Related violations: <none>

TIMING-18#92 Warning
Missing input or output delay  
An output delay is missing on o_sig[34] relative to clock(s) sys_clk
Related violations: <none>

TIMING-18#93 Warning
Missing input or output delay  
An output delay is missing on o_sig[35] relative to clock(s) sys_clk
Related violations: <none>

TIMING-18#94 Warning
Missing input or output delay  
An output delay is missing on o_sig[36] relative to clock(s) sys_clk
Related violations: <none>

TIMING-18#95 Warning
Missing input or output delay  
An output delay is missing on o_sig[37] relative to clock(s) sys_clk
Related violations: <none>

TIMING-18#96 Warning
Missing input or output delay  
An output delay is missing on o_sig[38] relative to clock(s) sys_clk
Related violations: <none>

TIMING-18#97 Warning
Missing input or output delay  
An output delay is missing on o_sig[39] relative to clock(s) sys_clk
Related violations: <none>

TIMING-18#98 Warning
Missing input or output delay  
An output delay is missing on o_sig[3] relative to clock(s) sys_clk
Related violations: <none>

TIMING-18#99 Warning
Missing input or output delay  
An output delay is missing on o_sig[40] relative to clock(s) sys_clk
Related violations: <none>

TIMING-18#100 Warning
Missing input or output delay  
An output delay is missing on o_sig[41] relative to clock(s) sys_clk
Related violations: <none>

TIMING-18#101 Warning
Missing input or output delay  
An output delay is missing on o_sig[42] relative to clock(s) sys_clk
Related violations: <none>

TIMING-18#102 Warning
Missing input or output delay  
An output delay is missing on o_sig[43] relative to clock(s) sys_clk
Related violations: <none>

TIMING-18#103 Warning
Missing input or output delay  
An output delay is missing on o_sig[44] relative to clock(s) sys_clk
Related violations: <none>

TIMING-18#104 Warning
Missing input or output delay  
An output delay is missing on o_sig[45] relative to clock(s) sys_clk
Related violations: <none>

TIMING-18#105 Warning
Missing input or output delay  
An output delay is missing on o_sig[46] relative to clock(s) sys_clk
Related violations: <none>

TIMING-18#106 Warning
Missing input or output delay  
An output delay is missing on o_sig[47] relative to clock(s) sys_clk
Related violations: <none>

TIMING-18#107 Warning
Missing input or output delay  
An output delay is missing on o_sig[48] relative to clock(s) sys_clk
Related violations: <none>

TIMING-18#108 Warning
Missing input or output delay  
An output delay is missing on o_sig[49] relative to clock(s) sys_clk
Related violations: <none>

TIMING-18#109 Warning
Missing input or output delay  
An output delay is missing on o_sig[4] relative to clock(s) sys_clk
Related violations: <none>

TIMING-18#110 Warning
Missing input or output delay  
An output delay is missing on o_sig[50] relative to clock(s) sys_clk
Related violations: <none>

TIMING-18#111 Warning
Missing input or output delay  
An output delay is missing on o_sig[51] relative to clock(s) sys_clk
Related violations: <none>

TIMING-18#112 Warning
Missing input or output delay  
An output delay is missing on o_sig[52] relative to clock(s) sys_clk
Related violations: <none>

TIMING-18#113 Warning
Missing input or output delay  
An output delay is missing on o_sig[53] relative to clock(s) sys_clk
Related violations: <none>

TIMING-18#114 Warning
Missing input or output delay  
An output delay is missing on o_sig[54] relative to clock(s) sys_clk
Related violations: <none>

TIMING-18#115 Warning
Missing input or output delay  
An output delay is missing on o_sig[55] relative to clock(s) sys_clk
Related violations: <none>

TIMING-18#116 Warning
Missing input or output delay  
An output delay is missing on o_sig[56] relative to clock(s) sys_clk
Related violations: <none>

TIMING-18#117 Warning
Missing input or output delay  
An output delay is missing on o_sig[57] relative to clock(s) sys_clk
Related violations: <none>

TIMING-18#118 Warning
Missing input or output delay  
An output delay is missing on o_sig[58] relative to clock(s) sys_clk
Related violations: <none>

TIMING-18#119 Warning
Missing input or output delay  
An output delay is missing on o_sig[59] relative to clock(s) sys_clk
Related violations: <none>

TIMING-18#120 Warning
Missing input or output delay  
An output delay is missing on o_sig[5] relative to clock(s) sys_clk
Related violations: <none>

TIMING-18#121 Warning
Missing input or output delay  
An output delay is missing on o_sig[60] relative to clock(s) sys_clk
Related violations: <none>

TIMING-18#122 Warning
Missing input or output delay  
An output delay is missing on o_sig[61] relative to clock(s) sys_clk
Related violations: <none>

TIMING-18#123 Warning
Missing input or output delay  
An output delay is missing on o_sig[62] relative to clock(s) sys_clk
Related violations: <none>

TIMING-18#124 Warning
Missing input or output delay  
An output delay is missing on o_sig[63] relative to clock(s) sys_clk
Related violations: <none>

TIMING-18#125 Warning
Missing input or output delay  
An output delay is missing on o_sig[64] relative to clock(s) sys_clk
Related violations: <none>

TIMING-18#126 Warning
Missing input or output delay  
An output delay is missing on o_sig[65] relative to clock(s) sys_clk
Related violations: <none>

TIMING-18#127 Warning
Missing input or output delay  
An output delay is missing on o_sig[66] relative to clock(s) sys_clk
Related violations: <none>

TIMING-18#128 Warning
Missing input or output delay  
An output delay is missing on o_sig[67] relative to clock(s) sys_clk
Related violations: <none>

TIMING-18#129 Warning
Missing input or output delay  
An output delay is missing on o_sig[68] relative to clock(s) sys_clk
Related violations: <none>

TIMING-18#130 Warning
Missing input or output delay  
An output delay is missing on o_sig[69] relative to clock(s) sys_clk
Related violations: <none>

TIMING-18#131 Warning
Missing input or output delay  
An output delay is missing on o_sig[6] relative to clock(s) sys_clk
Related violations: <none>

TIMING-18#132 Warning
Missing input or output delay  
An output delay is missing on o_sig[70] relative to clock(s) sys_clk
Related violations: <none>

TIMING-18#133 Warning
Missing input or output delay  
An output delay is missing on o_sig[71] relative to clock(s) sys_clk
Related violations: <none>

TIMING-18#134 Warning
Missing input or output delay  
An output delay is missing on o_sig[72] relative to clock(s) sys_clk
Related violations: <none>

TIMING-18#135 Warning
Missing input or output delay  
An output delay is missing on o_sig[73] relative to clock(s) sys_clk
Related violations: <none>

TIMING-18#136 Warning
Missing input or output delay  
An output delay is missing on o_sig[74] relative to clock(s) sys_clk
Related violations: <none>

TIMING-18#137 Warning
Missing input or output delay  
An output delay is missing on o_sig[75] relative to clock(s) sys_clk
Related violations: <none>

TIMING-18#138 Warning
Missing input or output delay  
An output delay is missing on o_sig[76] relative to clock(s) sys_clk
Related violations: <none>

TIMING-18#139 Warning
Missing input or output delay  
An output delay is missing on o_sig[77] relative to clock(s) sys_clk
Related violations: <none>

TIMING-18#140 Warning
Missing input or output delay  
An output delay is missing on o_sig[78] relative to clock(s) sys_clk
Related violations: <none>

TIMING-18#141 Warning
Missing input or output delay  
An output delay is missing on o_sig[79] relative to clock(s) sys_clk
Related violations: <none>

TIMING-18#142 Warning
Missing input or output delay  
An output delay is missing on o_sig[7] relative to clock(s) sys_clk
Related violations: <none>

TIMING-18#143 Warning
Missing input or output delay  
An output delay is missing on o_sig[80] relative to clock(s) sys_clk
Related violations: <none>

TIMING-18#144 Warning
Missing input or output delay  
An output delay is missing on o_sig[81] relative to clock(s) sys_clk
Related violations: <none>

TIMING-18#145 Warning
Missing input or output delay  
An output delay is missing on o_sig[82] relative to clock(s) sys_clk
Related violations: <none>

TIMING-18#146 Warning
Missing input or output delay  
An output delay is missing on o_sig[83] relative to clock(s) sys_clk
Related violations: <none>

TIMING-18#147 Warning
Missing input or output delay  
An output delay is missing on o_sig[84] relative to clock(s) sys_clk
Related violations: <none>

TIMING-18#148 Warning
Missing input or output delay  
An output delay is missing on o_sig[85] relative to clock(s) sys_clk
Related violations: <none>

TIMING-18#149 Warning
Missing input or output delay  
An output delay is missing on o_sig[86] relative to clock(s) sys_clk
Related violations: <none>

TIMING-18#150 Warning
Missing input or output delay  
An output delay is missing on o_sig[87] relative to clock(s) sys_clk
Related violations: <none>

TIMING-18#151 Warning
Missing input or output delay  
An output delay is missing on o_sig[88] relative to clock(s) sys_clk
Related violations: <none>

TIMING-18#152 Warning
Missing input or output delay  
An output delay is missing on o_sig[89] relative to clock(s) sys_clk
Related violations: <none>

TIMING-18#153 Warning
Missing input or output delay  
An output delay is missing on o_sig[8] relative to clock(s) sys_clk
Related violations: <none>

TIMING-18#154 Warning
Missing input or output delay  
An output delay is missing on o_sig[90] relative to clock(s) sys_clk
Related violations: <none>

TIMING-18#155 Warning
Missing input or output delay  
An output delay is missing on o_sig[91] relative to clock(s) sys_clk
Related violations: <none>

TIMING-18#156 Warning
Missing input or output delay  
An output delay is missing on o_sig[92] relative to clock(s) sys_clk
Related violations: <none>

TIMING-18#157 Warning
Missing input or output delay  
An output delay is missing on o_sig[93] relative to clock(s) sys_clk
Related violations: <none>

TIMING-18#158 Warning
Missing input or output delay  
An output delay is missing on o_sig[94] relative to clock(s) sys_clk
Related violations: <none>

TIMING-18#159 Warning
Missing input or output delay  
An output delay is missing on o_sig[95] relative to clock(s) sys_clk
Related violations: <none>

TIMING-18#160 Warning
Missing input or output delay  
An output delay is missing on o_sig[96] relative to clock(s) sys_clk
Related violations: <none>

TIMING-18#161 Warning
Missing input or output delay  
An output delay is missing on o_sig[97] relative to clock(s) sys_clk
Related violations: <none>

TIMING-18#162 Warning
Missing input or output delay  
An output delay is missing on o_sig[98] relative to clock(s) sys_clk
Related violations: <none>

TIMING-18#163 Warning
Missing input or output delay  
An output delay is missing on o_sig[99] relative to clock(s) sys_clk
Related violations: <none>

TIMING-18#164 Warning
Missing input or output delay  
An output delay is missing on o_sig[9] relative to clock(s) sys_clk
Related violations: <none>

TIMING-18#165 Warning
Missing input or output delay  
An output delay is missing on txd relative to clock(s) sys_clk
Related violations: <none>

TIMING-28#1 Warning
Auto-derived clock referenced by a timing constraint  
The auto-derived clock clk_200M_sys_clk is referenced by name inside timing constraint (see constraint position 11 in the Timing Constraint window in Vivado IDE). It is recommended to reference an auto-derived clock by the pin name attached to the clock: get_clocks -of_objects [get_pins UU1/U0_sys_clk/inst/mmcm_adv_inst/CLKOUT0]
Related violations: <none>

TIMING-28#2 Warning
Auto-derived clock referenced by a timing constraint  
The auto-derived clock clk_200M_sys_clk is referenced by name inside timing constraint (see constraint position 12 in the Timing Constraint window in Vivado IDE). It is recommended to reference an auto-derived clock by the pin name attached to the clock: get_clocks -of_objects [get_pins UU1/U0_sys_clk/inst/mmcm_adv_inst/CLKOUT0]
Related violations: <none>

TIMING-28#3 Warning
Auto-derived clock referenced by a timing constraint  
The auto-derived clock clk_50M_sys_clk is referenced by name inside timing constraint (see constraint position 11 in the Timing Constraint window in Vivado IDE). It is recommended to reference an auto-derived clock by the pin name attached to the clock: get_clocks -of_objects [get_pins UU1/U0_sys_clk/inst/mmcm_adv_inst/CLKOUT1]
Related violations: <none>

TIMING-28#4 Warning
Auto-derived clock referenced by a timing constraint  
The auto-derived clock clk_50M_sys_clk is referenced by name inside timing constraint (see constraint position 12 in the Timing Constraint window in Vivado IDE). It is recommended to reference an auto-derived clock by the pin name attached to the clock: get_clocks -of_objects [get_pins UU1/U0_sys_clk/inst/mmcm_adv_inst/CLKOUT1]
Related violations: <none>

TIMING-28#5 Warning
Auto-derived clock referenced by a timing constraint  
The auto-derived clock clk_pll_i is referenced by name inside timing constraint (see constraint position 11 in the Timing Constraint window in Vivado IDE). It is recommended to reference an auto-derived clock by the pin name attached to the clock: get_clocks -of_objects [get_pins UU3/u_ddr3/u_ddr3_mig/u_ddr3_infrastructure/gen_mmcm.mmcm_i/CLKFBOUT]
Related violations: <none>

TIMING-28#6 Warning
Auto-derived clock referenced by a timing constraint  
The auto-derived clock clk_pll_i is referenced by name inside timing constraint (see constraint position 12 in the Timing Constraint window in Vivado IDE). It is recommended to reference an auto-derived clock by the pin name attached to the clock: get_clocks -of_objects [get_pins UU3/u_ddr3/u_ddr3_mig/u_ddr3_infrastructure/gen_mmcm.mmcm_i/CLKFBOUT]
Related violations: <none>

TIMING-28#7 Warning
Auto-derived clock referenced by a timing constraint  
The auto-derived clock clkfbout_ddr_clk is referenced by name inside timing constraint (see constraint position 11 in the Timing Constraint window in Vivado IDE). It is recommended to reference an auto-derived clock by the pin name attached to the clock: get_clocks -of_objects [get_pins UU1/U1_ddr_clk/inst/plle2_adv_inst/CLKFBOUT]
Related violations: <none>

TIMING-28#8 Warning
Auto-derived clock referenced by a timing constraint  
The auto-derived clock clkfbout_ddr_clk is referenced by name inside timing constraint (see constraint position 12 in the Timing Constraint window in Vivado IDE). It is recommended to reference an auto-derived clock by the pin name attached to the clock: get_clocks -of_objects [get_pins UU1/U1_ddr_clk/inst/plle2_adv_inst/CLKFBOUT]
Related violations: <none>

TIMING-28#9 Warning
Auto-derived clock referenced by a timing constraint  
The auto-derived clock clkfbout_sys_clk is referenced by name inside timing constraint (see constraint position 11 in the Timing Constraint window in Vivado IDE). It is recommended to reference an auto-derived clock by the pin name attached to the clock: get_clocks -of_objects [get_pins UU1/U0_sys_clk/inst/mmcm_adv_inst/CLKFBOUT]
Related violations: <none>

TIMING-28#10 Warning
Auto-derived clock referenced by a timing constraint  
The auto-derived clock clkfbout_sys_clk is referenced by name inside timing constraint (see constraint position 12 in the Timing Constraint window in Vivado IDE). It is recommended to reference an auto-derived clock by the pin name attached to the clock: get_clocks -of_objects [get_pins UU1/U0_sys_clk/inst/mmcm_adv_inst/CLKFBOUT]
Related violations: <none>

TIMING-28#11 Warning
Auto-derived clock referenced by a timing constraint  
The auto-derived clock ddr3_clk_ddr_clk is referenced by name inside timing constraint (see constraint position 11 in the Timing Constraint window in Vivado IDE). It is recommended to reference an auto-derived clock by the pin name attached to the clock: get_clocks -of_objects [get_pins UU1/U1_ddr_clk/inst/plle2_adv_inst/CLKOUT0]
Related violations: <none>

TIMING-28#12 Warning
Auto-derived clock referenced by a timing constraint  
The auto-derived clock ddr3_clk_ddr_clk is referenced by name inside timing constraint (see constraint position 12 in the Timing Constraint window in Vivado IDE). It is recommended to reference an auto-derived clock by the pin name attached to the clock: get_clocks -of_objects [get_pins UU1/U1_ddr_clk/inst/plle2_adv_inst/CLKOUT0]
Related violations: <none>

TIMING-28#13 Warning
Auto-derived clock referenced by a timing constraint  
The auto-derived clock freq_refclk is referenced by name inside timing constraint (see constraint position 11 in the Timing Constraint window in Vivado IDE). It is recommended to reference an auto-derived clock by the pin name attached to the clock: get_clocks -of_objects [get_pins UU3/u_ddr3/u_ddr3_mig/u_ddr3_infrastructure/plle2_i/CLKOUT0]
Related violations: <none>

TIMING-28#14 Warning
Auto-derived clock referenced by a timing constraint  
The auto-derived clock freq_refclk is referenced by name inside timing constraint (see constraint position 12 in the Timing Constraint window in Vivado IDE). It is recommended to reference an auto-derived clock by the pin name attached to the clock: get_clocks -of_objects [get_pins UU3/u_ddr3/u_ddr3_mig/u_ddr3_infrastructure/plle2_i/CLKOUT0]
Related violations: <none>

TIMING-28#15 Warning
Auto-derived clock referenced by a timing constraint  
The auto-derived clock iserdes_clkdiv is referenced by name inside timing constraint (see constraint position 11 in the Timing Constraint window in Vivado IDE). It is recommended to reference an auto-derived clock by the pin name attached to the clock: get_clocks -of_objects [get_pins UU3/u_ddr3/u_ddr3_mig/u_memc_ui_top_std/mem_intfc0/ddr_phy_top0/u_ddr_mc_phy_wrapper/u_ddr_mc_phy/ddr_phy_4lanes_0.u_ddr_phy_4lanes/ddr_byte_lane_C.ddr_byte_lane_C/phaser_in_gen.phaser_in/ICLKDIV]
Related violations: <none>

TIMING-28#16 Warning
Auto-derived clock referenced by a timing constraint  
The auto-derived clock iserdes_clkdiv is referenced by name inside timing constraint (see constraint position 12 in the Timing Constraint window in Vivado IDE). It is recommended to reference an auto-derived clock by the pin name attached to the clock: get_clocks -of_objects [get_pins UU3/u_ddr3/u_ddr3_mig/u_memc_ui_top_std/mem_intfc0/ddr_phy_top0/u_ddr_mc_phy_wrapper/u_ddr_mc_phy/ddr_phy_4lanes_0.u_ddr_phy_4lanes/ddr_byte_lane_C.ddr_byte_lane_C/phaser_in_gen.phaser_in/ICLKDIV]
Related violations: <none>

TIMING-28#17 Warning
Auto-derived clock referenced by a timing constraint  
The auto-derived clock iserdes_clkdiv_1 is referenced by name inside timing constraint (see constraint position 11 in the Timing Constraint window in Vivado IDE). It is recommended to reference an auto-derived clock by the pin name attached to the clock: get_clocks -of_objects [get_pins UU3/u_ddr3/u_ddr3_mig/u_memc_ui_top_std/mem_intfc0/ddr_phy_top0/u_ddr_mc_phy_wrapper/u_ddr_mc_phy/ddr_phy_4lanes_0.u_ddr_phy_4lanes/ddr_byte_lane_D.ddr_byte_lane_D/phaser_in_gen.phaser_in/ICLKDIV]
Related violations: <none>

TIMING-28#18 Warning
Auto-derived clock referenced by a timing constraint  
The auto-derived clock iserdes_clkdiv_1 is referenced by name inside timing constraint (see constraint position 12 in the Timing Constraint window in Vivado IDE). It is recommended to reference an auto-derived clock by the pin name attached to the clock: get_clocks -of_objects [get_pins UU3/u_ddr3/u_ddr3_mig/u_memc_ui_top_std/mem_intfc0/ddr_phy_top0/u_ddr_mc_phy_wrapper/u_ddr_mc_phy/ddr_phy_4lanes_0.u_ddr_phy_4lanes/ddr_byte_lane_D.ddr_byte_lane_D/phaser_in_gen.phaser_in/ICLKDIV]
Related violations: <none>

TIMING-28#19 Warning
Auto-derived clock referenced by a timing constraint  
The auto-derived clock mem_refclk is referenced by name inside timing constraint (see constraint position 11 in the Timing Constraint window in Vivado IDE). It is recommended to reference an auto-derived clock by the pin name attached to the clock: get_clocks -of_objects [get_pins UU3/u_ddr3/u_ddr3_mig/u_ddr3_infrastructure/plle2_i/CLKOUT1]
Related violations: <none>

TIMING-28#20 Warning
Auto-derived clock referenced by a timing constraint  
The auto-derived clock mem_refclk is referenced by name inside timing constraint (see constraint position 12 in the Timing Constraint window in Vivado IDE). It is recommended to reference an auto-derived clock by the pin name attached to the clock: get_clocks -of_objects [get_pins UU3/u_ddr3/u_ddr3_mig/u_ddr3_infrastructure/plle2_i/CLKOUT1]
Related violations: <none>

TIMING-28#21 Warning
Auto-derived clock referenced by a timing constraint  
The auto-derived clock oserdes_clk is referenced by name inside timing constraint (see constraint position 11 in the Timing Constraint window in Vivado IDE). It is recommended to reference an auto-derived clock by the pin name attached to the clock: get_clocks -of_objects [get_pins UU3/u_ddr3/u_ddr3_mig/u_memc_ui_top_std/mem_intfc0/ddr_phy_top0/u_ddr_mc_phy_wrapper/u_ddr_mc_phy/ddr_phy_4lanes_0.u_ddr_phy_4lanes/ddr_byte_lane_A.ddr_byte_lane_A/phaser_out/OCLK]
Related violations: <none>

TIMING-28#22 Warning
Auto-derived clock referenced by a timing constraint  
The auto-derived clock oserdes_clk is referenced by name inside timing constraint (see constraint position 12 in the Timing Constraint window in Vivado IDE). It is recommended to reference an auto-derived clock by the pin name attached to the clock: get_clocks -of_objects [get_pins UU3/u_ddr3/u_ddr3_mig/u_memc_ui_top_std/mem_intfc0/ddr_phy_top0/u_ddr_mc_phy_wrapper/u_ddr_mc_phy/ddr_phy_4lanes_0.u_ddr_phy_4lanes/ddr_byte_lane_A.ddr_byte_lane_A/phaser_out/OCLK]
Related violations: <none>

TIMING-28#23 Warning
Auto-derived clock referenced by a timing constraint  
The auto-derived clock oserdes_clk_1 is referenced by name inside timing constraint (see constraint position 11 in the Timing Constraint window in Vivado IDE). It is recommended to reference an auto-derived clock by the pin name attached to the clock: get_clocks -of_objects [get_pins UU3/u_ddr3/u_ddr3_mig/u_memc_ui_top_std/mem_intfc0/ddr_phy_top0/u_ddr_mc_phy_wrapper/u_ddr_mc_phy/ddr_phy_4lanes_0.u_ddr_phy_4lanes/ddr_byte_lane_B.ddr_byte_lane_B/phaser_out/OCLK]
Related violations: <none>

TIMING-28#24 Warning
Auto-derived clock referenced by a timing constraint  
The auto-derived clock oserdes_clk_1 is referenced by name inside timing constraint (see constraint position 12 in the Timing Constraint window in Vivado IDE). It is recommended to reference an auto-derived clock by the pin name attached to the clock: get_clocks -of_objects [get_pins UU3/u_ddr3/u_ddr3_mig/u_memc_ui_top_std/mem_intfc0/ddr_phy_top0/u_ddr_mc_phy_wrapper/u_ddr_mc_phy/ddr_phy_4lanes_0.u_ddr_phy_4lanes/ddr_byte_lane_B.ddr_byte_lane_B/phaser_out/OCLK]
Related violations: <none>

TIMING-28#25 Warning
Auto-derived clock referenced by a timing constraint  
The auto-derived clock oserdes_clk_2 is referenced by name inside timing constraint (see constraint position 11 in the Timing Constraint window in Vivado IDE). It is recommended to reference an auto-derived clock by the pin name attached to the clock: get_clocks -of_objects [get_pins UU3/u_ddr3/u_ddr3_mig/u_memc_ui_top_std/mem_intfc0/ddr_phy_top0/u_ddr_mc_phy_wrapper/u_ddr_mc_phy/ddr_phy_4lanes_0.u_ddr_phy_4lanes/ddr_byte_lane_C.ddr_byte_lane_C/phaser_out/OCLK]
Related violations: <none>

TIMING-28#26 Warning
Auto-derived clock referenced by a timing constraint  
The auto-derived clock oserdes_clk_2 is referenced by name inside timing constraint (see constraint position 12 in the Timing Constraint window in Vivado IDE). It is recommended to reference an auto-derived clock by the pin name attached to the clock: get_clocks -of_objects [get_pins UU3/u_ddr3/u_ddr3_mig/u_memc_ui_top_std/mem_intfc0/ddr_phy_top0/u_ddr_mc_phy_wrapper/u_ddr_mc_phy/ddr_phy_4lanes_0.u_ddr_phy_4lanes/ddr_byte_lane_C.ddr_byte_lane_C/phaser_out/OCLK]
Related violations: <none>

TIMING-28#27 Warning
Auto-derived clock referenced by a timing constraint  
The auto-derived clock oserdes_clk_3 is referenced by name inside timing constraint (see constraint position 11 in the Timing Constraint window in Vivado IDE). It is recommended to reference an auto-derived clock by the pin name attached to the clock: get_clocks -of_objects [get_pins UU3/u_ddr3/u_ddr3_mig/u_memc_ui_top_std/mem_intfc0/ddr_phy_top0/u_ddr_mc_phy_wrapper/u_ddr_mc_phy/ddr_phy_4lanes_0.u_ddr_phy_4lanes/ddr_byte_lane_D.ddr_byte_lane_D/phaser_out/OCLK]
Related violations: <none>

TIMING-28#28 Warning
Auto-derived clock referenced by a timing constraint  
The auto-derived clock oserdes_clk_3 is referenced by name inside timing constraint (see constraint position 12 in the Timing Constraint window in Vivado IDE). It is recommended to reference an auto-derived clock by the pin name attached to the clock: get_clocks -of_objects [get_pins UU3/u_ddr3/u_ddr3_mig/u_memc_ui_top_std/mem_intfc0/ddr_phy_top0/u_ddr_mc_phy_wrapper/u_ddr_mc_phy/ddr_phy_4lanes_0.u_ddr_phy_4lanes/ddr_byte_lane_D.ddr_byte_lane_D/phaser_out/OCLK]
Related violations: <none>

TIMING-28#29 Warning
Auto-derived clock referenced by a timing constraint  
The auto-derived clock oserdes_clkdiv is referenced by name inside timing constraint (see constraint position 11 in the Timing Constraint window in Vivado IDE). It is recommended to reference an auto-derived clock by the pin name attached to the clock: get_clocks -of_objects [get_pins UU3/u_ddr3/u_ddr3_mig/u_memc_ui_top_std/mem_intfc0/ddr_phy_top0/u_ddr_mc_phy_wrapper/u_ddr_mc_phy/ddr_phy_4lanes_0.u_ddr_phy_4lanes/ddr_byte_lane_A.ddr_byte_lane_A/phaser_out/OCLKDIV]
Related violations: <none>

TIMING-28#30 Warning
Auto-derived clock referenced by a timing constraint  
The auto-derived clock oserdes_clkdiv is referenced by name inside timing constraint (see constraint position 12 in the Timing Constraint window in Vivado IDE). It is recommended to reference an auto-derived clock by the pin name attached to the clock: get_clocks -of_objects [get_pins UU3/u_ddr3/u_ddr3_mig/u_memc_ui_top_std/mem_intfc0/ddr_phy_top0/u_ddr_mc_phy_wrapper/u_ddr_mc_phy/ddr_phy_4lanes_0.u_ddr_phy_4lanes/ddr_byte_lane_A.ddr_byte_lane_A/phaser_out/OCLKDIV]
Related violations: <none>

TIMING-28#31 Warning
Auto-derived clock referenced by a timing constraint  
The auto-derived clock oserdes_clkdiv_1 is referenced by name inside timing constraint (see constraint position 11 in the Timing Constraint window in Vivado IDE). It is recommended to reference an auto-derived clock by the pin name attached to the clock: get_clocks -of_objects [get_pins UU3/u_ddr3/u_ddr3_mig/u_memc_ui_top_std/mem_intfc0/ddr_phy_top0/u_ddr_mc_phy_wrapper/u_ddr_mc_phy/ddr_phy_4lanes_0.u_ddr_phy_4lanes/ddr_byte_lane_B.ddr_byte_lane_B/phaser_out/OCLKDIV]
Related violations: <none>

TIMING-28#32 Warning
Auto-derived clock referenced by a timing constraint  
The auto-derived clock oserdes_clkdiv_1 is referenced by name inside timing constraint (see constraint position 12 in the Timing Constraint window in Vivado IDE). It is recommended to reference an auto-derived clock by the pin name attached to the clock: get_clocks -of_objects [get_pins UU3/u_ddr3/u_ddr3_mig/u_memc_ui_top_std/mem_intfc0/ddr_phy_top0/u_ddr_mc_phy_wrapper/u_ddr_mc_phy/ddr_phy_4lanes_0.u_ddr_phy_4lanes/ddr_byte_lane_B.ddr_byte_lane_B/phaser_out/OCLKDIV]
Related violations: <none>

TIMING-28#33 Warning
Auto-derived clock referenced by a timing constraint  
The auto-derived clock oserdes_clkdiv_2 is referenced by name inside timing constraint (see constraint position 11 in the Timing Constraint window in Vivado IDE). It is recommended to reference an auto-derived clock by the pin name attached to the clock: get_clocks -of_objects [get_pins UU3/u_ddr3/u_ddr3_mig/u_memc_ui_top_std/mem_intfc0/ddr_phy_top0/u_ddr_mc_phy_wrapper/u_ddr_mc_phy/ddr_phy_4lanes_0.u_ddr_phy_4lanes/ddr_byte_lane_C.ddr_byte_lane_C/phaser_out/OCLKDIV]
Related violations: <none>

TIMING-28#34 Warning
Auto-derived clock referenced by a timing constraint  
The auto-derived clock oserdes_clkdiv_2 is referenced by name inside timing constraint (see constraint position 12 in the Timing Constraint window in Vivado IDE). It is recommended to reference an auto-derived clock by the pin name attached to the clock: get_clocks -of_objects [get_pins UU3/u_ddr3/u_ddr3_mig/u_memc_ui_top_std/mem_intfc0/ddr_phy_top0/u_ddr_mc_phy_wrapper/u_ddr_mc_phy/ddr_phy_4lanes_0.u_ddr_phy_4lanes/ddr_byte_lane_C.ddr_byte_lane_C/phaser_out/OCLKDIV]
Related violations: <none>

TIMING-28#35 Warning
Auto-derived clock referenced by a timing constraint  
The auto-derived clock oserdes_clkdiv_3 is referenced by name inside timing constraint (see constraint position 11 in the Timing Constraint window in Vivado IDE). It is recommended to reference an auto-derived clock by the pin name attached to the clock: get_clocks -of_objects [get_pins UU3/u_ddr3/u_ddr3_mig/u_memc_ui_top_std/mem_intfc0/ddr_phy_top0/u_ddr_mc_phy_wrapper/u_ddr_mc_phy/ddr_phy_4lanes_0.u_ddr_phy_4lanes/ddr_byte_lane_D.ddr_byte_lane_D/phaser_out/OCLKDIV]
Related violations: <none>

TIMING-28#36 Warning
Auto-derived clock referenced by a timing constraint  
The auto-derived clock oserdes_clkdiv_3 is referenced by name inside timing constraint (see constraint position 12 in the Timing Constraint window in Vivado IDE). It is recommended to reference an auto-derived clock by the pin name attached to the clock: get_clocks -of_objects [get_pins UU3/u_ddr3/u_ddr3_mig/u_memc_ui_top_std/mem_intfc0/ddr_phy_top0/u_ddr_mc_phy_wrapper/u_ddr_mc_phy/ddr_phy_4lanes_0.u_ddr_phy_4lanes/ddr_byte_lane_D.ddr_byte_lane_D/phaser_out/OCLKDIV]
Related violations: <none>

TIMING-28#37 Warning
Auto-derived clock referenced by a timing constraint  
The auto-derived clock pll_clk3_out is referenced by name inside timing constraint (see constraint position 11 in the Timing Constraint window in Vivado IDE). It is recommended to reference an auto-derived clock by the pin name attached to the clock: get_clocks -of_objects [get_pins UU3/u_ddr3/u_ddr3_mig/u_ddr3_infrastructure/plle2_i/CLKOUT3]
Related violations: <none>

TIMING-28#38 Warning
Auto-derived clock referenced by a timing constraint  
The auto-derived clock pll_clk3_out is referenced by name inside timing constraint (see constraint position 12 in the Timing Constraint window in Vivado IDE). It is recommended to reference an auto-derived clock by the pin name attached to the clock: get_clocks -of_objects [get_pins UU3/u_ddr3/u_ddr3_mig/u_ddr3_infrastructure/plle2_i/CLKOUT3]
Related violations: <none>

TIMING-28#39 Warning
Auto-derived clock referenced by a timing constraint  
The auto-derived clock pll_clkfbout is referenced by name inside timing constraint (see constraint position 11 in the Timing Constraint window in Vivado IDE). It is recommended to reference an auto-derived clock by the pin name attached to the clock: get_clocks -of_objects [get_pins UU3/u_ddr3/u_ddr3_mig/u_ddr3_infrastructure/plle2_i/CLKFBOUT]
Related violations: <none>

TIMING-28#40 Warning
Auto-derived clock referenced by a timing constraint  
The auto-derived clock pll_clkfbout is referenced by name inside timing constraint (see constraint position 12 in the Timing Constraint window in Vivado IDE). It is recommended to reference an auto-derived clock by the pin name attached to the clock: get_clocks -of_objects [get_pins UU3/u_ddr3/u_ddr3_mig/u_ddr3_infrastructure/plle2_i/CLKFBOUT]
Related violations: <none>

TIMING-28#41 Warning
Auto-derived clock referenced by a timing constraint  
The auto-derived clock sync_pulse is referenced by name inside timing constraint (see constraint position 11 in the Timing Constraint window in Vivado IDE). It is recommended to reference an auto-derived clock by the pin name attached to the clock: get_clocks -of_objects [get_pins UU3/u_ddr3/u_ddr3_mig/u_ddr3_infrastructure/plle2_i/CLKOUT2]
Related violations: <none>

TIMING-28#42 Warning
Auto-derived clock referenced by a timing constraint  
The auto-derived clock sync_pulse is referenced by name inside timing constraint (see constraint position 12 in the Timing Constraint window in Vivado IDE). It is recommended to reference an auto-derived clock by the pin name attached to the clock: get_clocks -of_objects [get_pins UU3/u_ddr3/u_ddr3_mig/u_ddr3_infrastructure/plle2_i/CLKOUT2]
Related violations: <none>

TIMING-28#43 Warning
Auto-derived clock referenced by a timing constraint  
The auto-derived clock u_memc_ui_top_std/mem_intfc0/ddr_phy_top0/u_ddr_mc_phy_wrapper/u_ddr_mc_phy/ddr_phy_4lanes_0.u_ddr_phy_4lanes/ddr_byte_lane_C.ddr_byte_lane_C/iserdes_clk is referenced by name inside timing constraint (see constraint position 11 in the Timing Constraint window in Vivado IDE). It is recommended to reference an auto-derived clock by the pin name attached to the clock: get_clocks -of_objects [get_pins UU3/u_ddr3/u_ddr3_mig/u_memc_ui_top_std/mem_intfc0/ddr_phy_top0/u_ddr_mc_phy_wrapper/u_ddr_mc_phy/ddr_phy_4lanes_0.u_ddr_phy_4lanes/ddr_byte_lane_C.ddr_byte_lane_C/phaser_in_gen.phaser_in/ICLK]
Related violations: <none>

TIMING-28#44 Warning
Auto-derived clock referenced by a timing constraint  
The auto-derived clock u_memc_ui_top_std/mem_intfc0/ddr_phy_top0/u_ddr_mc_phy_wrapper/u_ddr_mc_phy/ddr_phy_4lanes_0.u_ddr_phy_4lanes/ddr_byte_lane_C.ddr_byte_lane_C/iserdes_clk is referenced by name inside timing constraint (see constraint position 12 in the Timing Constraint window in Vivado IDE). It is recommended to reference an auto-derived clock by the pin name attached to the clock: get_clocks -of_objects [get_pins UU3/u_ddr3/u_ddr3_mig/u_memc_ui_top_std/mem_intfc0/ddr_phy_top0/u_ddr_mc_phy_wrapper/u_ddr_mc_phy/ddr_phy_4lanes_0.u_ddr_phy_4lanes/ddr_byte_lane_C.ddr_byte_lane_C/phaser_in_gen.phaser_in/ICLK]
Related violations: <none>

TIMING-28#45 Warning
Auto-derived clock referenced by a timing constraint  
The auto-derived clock u_memc_ui_top_std/mem_intfc0/ddr_phy_top0/u_ddr_mc_phy_wrapper/u_ddr_mc_phy/ddr_phy_4lanes_0.u_ddr_phy_4lanes/ddr_byte_lane_D.ddr_byte_lane_D/iserdes_clk is referenced by name inside timing constraint (see constraint position 11 in the Timing Constraint window in Vivado IDE). It is recommended to reference an auto-derived clock by the pin name attached to the clock: get_clocks -of_objects [get_pins UU3/u_ddr3/u_ddr3_mig/u_memc_ui_top_std/mem_intfc0/ddr_phy_top0/u_ddr_mc_phy_wrapper/u_ddr_mc_phy/ddr_phy_4lanes_0.u_ddr_phy_4lanes/ddr_byte_lane_D.ddr_byte_lane_D/phaser_in_gen.phaser_in/ICLK]
Related violations: <none>

TIMING-28#46 Warning
Auto-derived clock referenced by a timing constraint  
The auto-derived clock u_memc_ui_top_std/mem_intfc0/ddr_phy_top0/u_ddr_mc_phy_wrapper/u_ddr_mc_phy/ddr_phy_4lanes_0.u_ddr_phy_4lanes/ddr_byte_lane_D.ddr_byte_lane_D/iserdes_clk is referenced by name inside timing constraint (see constraint position 12 in the Timing Constraint window in Vivado IDE). It is recommended to reference an auto-derived clock by the pin name attached to the clock: get_clocks -of_objects [get_pins UU3/u_ddr3/u_ddr3_mig/u_memc_ui_top_std/mem_intfc0/ddr_phy_top0/u_ddr_mc_phy_wrapper/u_ddr_mc_phy/ddr_phy_4lanes_0.u_ddr_phy_4lanes/ddr_byte_lane_D.ddr_byte_lane_D/phaser_in_gen.phaser_in/ICLK]
Related violations: <none>

XDCB-5#1 Warning
Runtime inefficient way to find pin objects  
The option '-to : [get_pins -hier -include_replicated_objects -filter {NAME =~ *temp_mon_enabled.u_tempmon/device_temp_sync_r1_reg[*]/D}]' of constraint 'set_max_delay' uses inefficient query to find pin objects (see constraint position '6' in the Timing Constraint window in Vivado IDE). To reduce runtime, it is recommended to get the pins through the cell objects. Please refer to Using Constraints Guide (Constraints Efficiency). An example of optimal query is: get_pins -filter {REF_PIN_NAME=~yy*} -of_objects [get_cells -hierarchical xx*].
Current XDC: j:/work/HY/Xilinx/A704/V1.0/PRJ/RTL/ddr_ctrl/ddr3/ddr3/user_design/constraints/ddr3.xdc (Line: 356)
Related violations: <none>

REQP-1959#1 Advisory
connects_SERDES_RST_driver_not_FF  
UU3/u_ddr3/u_ddr3_mig/u_memc_ui_top_std/mem_intfc0/ddr_phy_top0/u_ddr_mc_phy_wrapper/u_ddr_mc_phy/ddr_phy_4lanes_0.u_ddr_phy_4lanes/ddr_byte_lane_C.ddr_byte_lane_C/ddr_byte_group_io/input_[1].iserdes_dq_.iserdesdq: The RST pin should only be driven by a Flip-flop.
Related violations: <none>

REQP-1959#2 Advisory
connects_SERDES_RST_driver_not_FF  
UU3/u_ddr3/u_ddr3_mig/u_memc_ui_top_std/mem_intfc0/ddr_phy_top0/u_ddr_mc_phy_wrapper/u_ddr_mc_phy/ddr_phy_4lanes_0.u_ddr_phy_4lanes/ddr_byte_lane_C.ddr_byte_lane_C/ddr_byte_group_io/input_[2].iserdes_dq_.iserdesdq: The RST pin should only be driven by a Flip-flop.
Related violations: <none>

REQP-1959#3 Advisory
connects_SERDES_RST_driver_not_FF  
UU3/u_ddr3/u_ddr3_mig/u_memc_ui_top_std/mem_intfc0/ddr_phy_top0/u_ddr_mc_phy_wrapper/u_ddr_mc_phy/ddr_phy_4lanes_0.u_ddr_phy_4lanes/ddr_byte_lane_C.ddr_byte_lane_C/ddr_byte_group_io/input_[3].iserdes_dq_.iserdesdq: The RST pin should only be driven by a Flip-flop.
Related violations: <none>

REQP-1959#4 Advisory
connects_SERDES_RST_driver_not_FF  
UU3/u_ddr3/u_ddr3_mig/u_memc_ui_top_std/mem_intfc0/ddr_phy_top0/u_ddr_mc_phy_wrapper/u_ddr_mc_phy/ddr_phy_4lanes_0.u_ddr_phy_4lanes/ddr_byte_lane_C.ddr_byte_lane_C/ddr_byte_group_io/input_[5].iserdes_dq_.iserdesdq: The RST pin should only be driven by a Flip-flop.
Related violations: <none>

REQP-1959#5 Advisory
connects_SERDES_RST_driver_not_FF  
UU3/u_ddr3/u_ddr3_mig/u_memc_ui_top_std/mem_intfc0/ddr_phy_top0/u_ddr_mc_phy_wrapper/u_ddr_mc_phy/ddr_phy_4lanes_0.u_ddr_phy_4lanes/ddr_byte_lane_C.ddr_byte_lane_C/ddr_byte_group_io/input_[6].iserdes_dq_.iserdesdq: The RST pin should only be driven by a Flip-flop.
Related violations: <none>

REQP-1959#6 Advisory
connects_SERDES_RST_driver_not_FF  
UU3/u_ddr3/u_ddr3_mig/u_memc_ui_top_std/mem_intfc0/ddr_phy_top0/u_ddr_mc_phy_wrapper/u_ddr_mc_phy/ddr_phy_4lanes_0.u_ddr_phy_4lanes/ddr_byte_lane_C.ddr_byte_lane_C/ddr_byte_group_io/input_[7].iserdes_dq_.iserdesdq: The RST pin should only be driven by a Flip-flop.
Related violations: <none>

REQP-1959#7 Advisory
connects_SERDES_RST_driver_not_FF  
UU3/u_ddr3/u_ddr3_mig/u_memc_ui_top_std/mem_intfc0/ddr_phy_top0/u_ddr_mc_phy_wrapper/u_ddr_mc_phy/ddr_phy_4lanes_0.u_ddr_phy_4lanes/ddr_byte_lane_C.ddr_byte_lane_C/ddr_byte_group_io/input_[8].iserdes_dq_.iserdesdq: The RST pin should only be driven by a Flip-flop.
Related violations: <none>

REQP-1959#8 Advisory
connects_SERDES_RST_driver_not_FF  
UU3/u_ddr3/u_ddr3_mig/u_memc_ui_top_std/mem_intfc0/ddr_phy_top0/u_ddr_mc_phy_wrapper/u_ddr_mc_phy/ddr_phy_4lanes_0.u_ddr_phy_4lanes/ddr_byte_lane_C.ddr_byte_lane_C/ddr_byte_group_io/input_[9].iserdes_dq_.iserdesdq: The RST pin should only be driven by a Flip-flop.
Related violations: <none>

REQP-1959#9 Advisory
connects_SERDES_RST_driver_not_FF  
UU3/u_ddr3/u_ddr3_mig/u_memc_ui_top_std/mem_intfc0/ddr_phy_top0/u_ddr_mc_phy_wrapper/u_ddr_mc_phy/ddr_phy_4lanes_0.u_ddr_phy_4lanes/ddr_byte_lane_D.ddr_byte_lane_D/ddr_byte_group_io/input_[0].iserdes_dq_.iserdesdq: The RST pin should only be driven by a Flip-flop.
Related violations: <none>

REQP-1959#10 Advisory
connects_SERDES_RST_driver_not_FF  
UU3/u_ddr3/u_ddr3_mig/u_memc_ui_top_std/mem_intfc0/ddr_phy_top0/u_ddr_mc_phy_wrapper/u_ddr_mc_phy/ddr_phy_4lanes_0.u_ddr_phy_4lanes/ddr_byte_lane_D.ddr_byte_lane_D/ddr_byte_group_io/input_[2].iserdes_dq_.iserdesdq: The RST pin should only be driven by a Flip-flop.
Related violations: <none>

REQP-1959#11 Advisory
connects_SERDES_RST_driver_not_FF  
UU3/u_ddr3/u_ddr3_mig/u_memc_ui_top_std/mem_intfc0/ddr_phy_top0/u_ddr_mc_phy_wrapper/u_ddr_mc_phy/ddr_phy_4lanes_0.u_ddr_phy_4lanes/ddr_byte_lane_D.ddr_byte_lane_D/ddr_byte_group_io/input_[4].iserdes_dq_.iserdesdq: The RST pin should only be driven by a Flip-flop.
Related violations: <none>

REQP-1959#12 Advisory
connects_SERDES_RST_driver_not_FF  
UU3/u_ddr3/u_ddr3_mig/u_memc_ui_top_std/mem_intfc0/ddr_phy_top0/u_ddr_mc_phy_wrapper/u_ddr_mc_phy/ddr_phy_4lanes_0.u_ddr_phy_4lanes/ddr_byte_lane_D.ddr_byte_lane_D/ddr_byte_group_io/input_[5].iserdes_dq_.iserdesdq: The RST pin should only be driven by a Flip-flop.
Related violations: <none>

REQP-1959#13 Advisory
connects_SERDES_RST_driver_not_FF  
UU3/u_ddr3/u_ddr3_mig/u_memc_ui_top_std/mem_intfc0/ddr_phy_top0/u_ddr_mc_phy_wrapper/u_ddr_mc_phy/ddr_phy_4lanes_0.u_ddr_phy_4lanes/ddr_byte_lane_D.ddr_byte_lane_D/ddr_byte_group_io/input_[6].iserdes_dq_.iserdesdq: The RST pin should only be driven by a Flip-flop.
Related violations: <none>

REQP-1959#14 Advisory
connects_SERDES_RST_driver_not_FF  
UU3/u_ddr3/u_ddr3_mig/u_memc_ui_top_std/mem_intfc0/ddr_phy_top0/u_ddr_mc_phy_wrapper/u_ddr_mc_phy/ddr_phy_4lanes_0.u_ddr_phy_4lanes/ddr_byte_lane_D.ddr_byte_lane_D/ddr_byte_group_io/input_[7].iserdes_dq_.iserdesdq: The RST pin should only be driven by a Flip-flop.
Related violations: <none>

REQP-1959#15 Advisory
connects_SERDES_RST_driver_not_FF  
UU3/u_ddr3/u_ddr3_mig/u_memc_ui_top_std/mem_intfc0/ddr_phy_top0/u_ddr_mc_phy_wrapper/u_ddr_mc_phy/ddr_phy_4lanes_0.u_ddr_phy_4lanes/ddr_byte_lane_D.ddr_byte_lane_D/ddr_byte_group_io/input_[8].iserdes_dq_.iserdesdq: The RST pin should only be driven by a Flip-flop.
Related violations: <none>

REQP-1959#16 Advisory
connects_SERDES_RST_driver_not_FF  
UU3/u_ddr3/u_ddr3_mig/u_memc_ui_top_std/mem_intfc0/ddr_phy_top0/u_ddr_mc_phy_wrapper/u_ddr_mc_phy/ddr_phy_4lanes_0.u_ddr_phy_4lanes/ddr_byte_lane_D.ddr_byte_lane_D/ddr_byte_group_io/input_[9].iserdes_dq_.iserdesdq: The RST pin should only be driven by a Flip-flop.
Related violations: <none>


