Copyright 1986-2020 Xilinx, Inc. All Rights Reserved.
------------------------------------------------------------------------------------
| Tool Version : Vivado v.2020.2 (win64) Build 3064766 Wed Nov 18 09:12:45 MST 2020
| Date         : Sun Feb  9 09:33:50 2025
| Host         : Win102023HEYRFQ running 64-bit major release  (build 9200)
| Command      : report_clock_utilization -file top_clock_utilization_routed.rpt
| Design       : top
| Device       : 7a200t-fbg484
| Speed File   : -2  PRODUCTION 1.23 2018-06-13
| Design State : Routed
------------------------------------------------------------------------------------

Clock Utilization Report

Table of Contents
-----------------
1. Clock Primitive Utilization
2. Global Clock Resources
3. Global Clock Source Details
4. Local Clock Details
5. Clock Regions: Key Resource Utilization
6. Clock Regions : Global Clock Summary
7. Device Cell Placement Summary for Global Clock g0
8. Device Cell Placement Summary for Global Clock g1
9. Device Cell Placement Summary for Global Clock g2
10. Device Cell Placement Summary for Global Clock g3
11. Device Cell Placement Summary for Global Clock g4
12. Device Cell Placement Summary for Global Clock g5
13. Device Cell Placement Summary for Global Clock g6
14. Device Cell Placement Summary for Global Clock g7
15. Device Cell Placement Summary for Global Clock g8
16. Clock Region Cell Placement per Global Clock: Region X1Y0
17. Clock Region Cell Placement per Global Clock: Region X0Y2
18. Clock Region Cell Placement per Global Clock: Region X1Y2
19. Clock Region Cell Placement per Global Clock: Region X0Y3
20. Clock Region Cell Placement per Global Clock: Region X1Y3
21. Clock Region Cell Placement per Global Clock: Region X1Y4

1. Clock Primitive Utilization
------------------------------

+----------+------+-----------+-----+--------------+--------+
| Type     | Used | Available | LOC | Clock Region | Pblock |
+----------+------+-----------+-----+--------------+--------+
| BUFGCTRL |    8 |        32 |   0 |            0 |      0 |
| BUFH     |    1 |       120 |   0 |            0 |      0 |
| BUFIO    |    0 |        40 |   0 |            0 |      0 |
| BUFMR    |    0 |        20 |   0 |            0 |      0 |
| BUFR     |    0 |        40 |   0 |            0 |      0 |
| MMCM     |    2 |        10 |   1 |            0 |      0 |
| PLL      |    2 |        10 |   1 |            0 |      0 |
+----------+------+-----------+-----+--------------+--------+


2. Global Clock Resources
-------------------------

+-----------+-----------+-----------------+------------+----------------+--------------+-------------------+-------------+-----------------+--------------+--------------------------------------------------------------------------------------------+----------------------------------------------------------------------+------------------------------------------------------+
| Global Id | Source Id | Driver Type/Pin | Constraint | Site           | Clock Region | Load Clock Region | Clock Loads | Non-Clock Loads | Clock Period | Clock                                                                                      | Driver Pin                                                           | Net                                                  |
+-----------+-----------+-----------------+------------+----------------+--------------+-------------------+-------------+-----------------+--------------+--------------------------------------------------------------------------------------------+----------------------------------------------------------------------+------------------------------------------------------+
| g0        | src0      | BUFG/O          | None       | BUFGCTRL_X0Y16 | n/a          |                 3 |        6296 |               0 |       12.000 | clk_pll_i                                                                                  | UU3/u_ddr3/u_ddr3_mig/u_ddr3_infrastructure/u_bufg_clkdiv0/O         | UU3/u_ddr3/u_ddr3_mig/u_ddr3_infrastructure/CLK      |
| g1        | src1      | BUFG/O          | None       | BUFGCTRL_X0Y2  | n/a          |                 2 |         461 |               0 |       33.000 | dbg_hub/inst/BSCANID.u_xsdbm_id/SWITCH_N_EXT_BSCAN.bscan_inst/SERIES7_BSCAN.bscan_inst/TCK | dbg_hub/inst/BSCANID.u_xsdbm_id/SWITCH_N_EXT_BSCAN.u_bufg_icon_tck/O | dbg_hub/inst/BSCANID.u_xsdbm_id/itck_i               |
| g2        | src2      | BUFG/O          | None       | BUFGCTRL_X0Y3  | n/a          |                 5 |         403 |               0 |       20.000 | clk_50M_sys_clk                                                                            | UU1/U0_sys_clk/inst/clkout2_buf/O                                    | UU1/U0_sys_clk/inst/clk_50M                          |
| g3        | src3      | BUFG/O          | None       | BUFGCTRL_X0Y0  | n/a          |                 3 |          62 |               0 |        5.000 | clk_200M_sys_clk                                                                           | UU1/U0_sys_clk/inst/clkout1_buf/O                                    | UU1/U0_sys_clk/inst/clk_200M                         |
| g4        | src4      | BUFG/O          | None       | BUFGCTRL_X0Y5  | n/a          |                 1 |           1 |               0 |       20.000 | clkfbout_sys_clk                                                                           | UU1/U0_sys_clk/inst/clkf_buf/O                                       | UU1/U0_sys_clk/inst/clkfbout_buf_sys_clk             |
| g5        | src5      | BUFG/O          | None       | BUFGCTRL_X0Y6  | n/a          |                 1 |           1 |               0 |       20.000 | clkfbout_ddr_clk                                                                           | UU1/U1_ddr_clk/inst/clkf_buf/O                                       | UU1/U1_ddr_clk/inst/clkfbout_buf_ddr_clk             |
| g6        | src6      | BUFG/O          | None       | BUFGCTRL_X0Y1  | n/a          |                 1 |           1 |               0 |        3.000 | ddr3_clk_ddr_clk                                                                           | UU1/U1_ddr_clk/inst/clkout1_buf/O                                    | UU1/U1_ddr_clk/inst/ddr3_clk                         |
| g7        | src7      | BUFH/O          | None       | BUFHCE_X1Y36   | X1Y3         |                 1 |           1 |               0 |       12.000 | pll_clk3_out                                                                               | UU3/u_ddr3/u_ddr3_mig/u_ddr3_infrastructure/u_bufh_pll_clk3/O        | UU3/u_ddr3/u_ddr3_mig/u_ddr3_infrastructure/pll_clk3 |
+-----------+-----------+-----------------+------------+----------------+--------------+-------------------+-------------+-----------------+--------------+--------------------------------------------------------------------------------------------+----------------------------------------------------------------------+------------------------------------------------------+
* Clock Loads column represents the clock pin loads (pin count)
** Non-Clock Loads column represents the non-clock pin loads (pin count)


3. Global Clock Source Details
------------------------------

+-----------+-----------+---------------------+-----------------+-----------------+--------------+-------------+-----------------+---------------------+--------------------------------------------------------------------------------------------+--------------------------------------------------------------------------------------------+----------------------------------------------------------------------+
| Source Id | Global Id | Driver Type/Pin     | Constraint      | Site            | Clock Region | Clock Loads | Non-Clock Loads | Source Clock Period | Source Clock                                                                               | Driver Pin                                                                                 | Net                                                                  |
+-----------+-----------+---------------------+-----------------+-----------------+--------------+-------------+-----------------+---------------------+--------------------------------------------------------------------------------------------+--------------------------------------------------------------------------------------------+----------------------------------------------------------------------+
| src0      | g0        | MMCME2_ADV/CLKFBOUT | MMCME2_ADV_X1Y3 | MMCME2_ADV_X1Y3 | X1Y3         |           1 |               0 |              12.000 | clk_pll_i                                                                                  | UU3/u_ddr3/u_ddr3_mig/u_ddr3_infrastructure/gen_mmcm.mmcm_i/CLKFBOUT                       | UU3/u_ddr3/u_ddr3_mig/u_ddr3_infrastructure/clk_pll_i                |
| src1      | g1        | BSCANE2/TCK         | None            | BSCAN_X0Y0      | X0Y2         |           1 |               0 |              33.000 | dbg_hub/inst/BSCANID.u_xsdbm_id/SWITCH_N_EXT_BSCAN.bscan_inst/SERIES7_BSCAN.bscan_inst/TCK | dbg_hub/inst/BSCANID.u_xsdbm_id/SWITCH_N_EXT_BSCAN.bscan_inst/SERIES7_BSCAN.bscan_inst/TCK | dbg_hub/inst/BSCANID.u_xsdbm_id/SWITCH_N_EXT_BSCAN.bscan_inst/tck_bs |
| src2      | g2        | MMCME2_ADV/CLKOUT1  | None            | MMCME2_ADV_X1Y2 | X1Y2         |           1 |               0 |              20.000 | clk_50M_sys_clk                                                                            | UU1/U0_sys_clk/inst/mmcm_adv_inst/CLKOUT1                                                  | UU1/U0_sys_clk/inst/clk_50M_sys_clk                                  |
| src3      | g3        | MMCME2_ADV/CLKOUT0  | None            | MMCME2_ADV_X1Y2 | X1Y2         |           1 |               0 |               5.000 | clk_200M_sys_clk                                                                           | UU1/U0_sys_clk/inst/mmcm_adv_inst/CLKOUT0                                                  | UU1/U0_sys_clk/inst/clk_200M_sys_clk                                 |
| src4      | g4        | MMCME2_ADV/CLKFBOUT | None            | MMCME2_ADV_X1Y2 | X1Y2         |           1 |               0 |              20.000 | clkfbout_sys_clk                                                                           | UU1/U0_sys_clk/inst/mmcm_adv_inst/CLKFBOUT                                                 | UU1/U0_sys_clk/inst/clkfbout_sys_clk                                 |
| src5      | g5        | PLLE2_ADV/CLKFBOUT  | None            | PLLE2_ADV_X1Y0  | X1Y0         |           1 |               0 |              20.000 | clkfbout_ddr_clk                                                                           | UU1/U1_ddr_clk/inst/plle2_adv_inst/CLKFBOUT                                                | UU1/U1_ddr_clk/inst/clkfbout_ddr_clk                                 |
| src6      | g6        | PLLE2_ADV/CLKOUT0   | None            | PLLE2_ADV_X1Y0  | X1Y0         |           1 |               0 |               3.000 | ddr3_clk_ddr_clk                                                                           | UU1/U1_ddr_clk/inst/plle2_adv_inst/CLKOUT0                                                 | UU1/U1_ddr_clk/inst/ddr3_clk_ddr_clk                                 |
| src7      | g7        | PLLE2_ADV/CLKOUT3   | PLLE2_ADV_X1Y3  | PLLE2_ADV_X1Y3  | X1Y3         |           1 |               0 |              12.000 | pll_clk3_out                                                                               | UU3/u_ddr3/u_ddr3_mig/u_ddr3_infrastructure/plle2_i/CLKOUT3                                | UU3/u_ddr3/u_ddr3_mig/u_ddr3_infrastructure/pll_clk3_out             |
| src8      | g8        | FDRE/Q              | None            | SLICE_X83Y146   | X0Y2         |           1 |               0 |                     |                                                                                            | UU2/rst_n_temp_reg/Q                                                                       | UU2/rst_n_temp                                                       |
| src9      | g8        | VCC/P               | None            |                 | n/a          |           0 |               0 |                     |                                                                                            | UU2/VCC_1/P                                                                                | UU2/VCC_2                                                            |
+-----------+-----------+---------------------+-----------------+-----------------+--------------+-------------+-----------------+---------------------+--------------------------------------------------------------------------------------------+--------------------------------------------------------------------------------------------+----------------------------------------------------------------------+
* Clock Loads column represents the clock pin loads (pin count)
** Non-Clock Loads column represents the non-clock pin loads (pin count)


4. Local Clock Details
----------------------

+----------+----------------------------+----------------------+-------------------------------------+--------------+-------------+-----------------+--------------+---------------+--------------------------------------------------------------------------------------------------------------------------------------------------------------------------------------------+-----------------------------------------------------------------------------------------------------------------------------------------------------------------------------------------+
| Local Id | Driver Type/Pin            | Constraint           | Site/BEL                            | Clock Region | Clock Loads | Non-Clock Loads | Clock Period | Clock         | Driver Pin                                                                                                                                                                                 | Net                                                                                                                                                                                     |
+----------+----------------------------+----------------------+-------------------------------------+--------------+-------------+-----------------+--------------+---------------+--------------------------------------------------------------------------------------------------------------------------------------------------------------------------------------------+-----------------------------------------------------------------------------------------------------------------------------------------------------------------------------------------||
| 0        | PLLE2_ADV/CLKOUT0          | PLLE2_ADV_X1Y3       | PLLE2_ADV_X1Y3/PLLE2_ADV            | X1Y3         |           5 |               2 |        1.500 | freq_refclk   | UU3/u_ddr3/u_ddr3_mig/u_ddr3_infrastructure/plle2_i/CLKOUT0                                                                                                                                | UU3/u_ddr3/u_ddr3_mig/u_ddr3_infrastructure/freq_refclk                                                                                                                                 - Static -
| 1        | PHASER_OUT_PHY/OCLKDELAYED | PHASER_OUT_PHY_X1Y14 | PHASER_OUT_PHY_X1Y14/PHASER_OUT_PHY | X1Y3         |           2 |               0 |        3.000 | oserdes_clk_2 | UU3/u_ddr3/u_ddr3_mig/u_memc_ui_top_std/mem_intfc0/ddr_phy_top0/u_ddr_mc_phy_wrapper/u_ddr_mc_phy/ddr_phy_4lanes_0.u_ddr_phy_4lanes/ddr_byte_lane_C.ddr_byte_lane_C/phaser_out/OCLKDELAYED | UU3/u_ddr3/u_ddr3_mig/u_memc_ui_top_std/mem_intfc0/ddr_phy_top0/u_ddr_mc_phy_wrapper/u_ddr_mc_phy/ddr_phy_4lanes_0.u_ddr_phy_4lanes/ddr_byte_lane_C.ddr_byte_lane_C/oserdes_clk_delayed - Static -
| 2        | PHASER_OUT_PHY/OCLKDELAYED | PHASER_OUT_PHY_X1Y15 | PHASER_OUT_PHY_X1Y15/PHASER_OUT_PHY | X1Y3         |           2 |               0 |        3.000 | oserdes_clk_3 | UU3/u_ddr3/u_ddr3_mig/u_memc_ui_top_std/mem_intfc0/ddr_phy_top0/u_ddr_mc_phy_wrapper/u_ddr_mc_phy/ddr_phy_4lanes_0.u_ddr_phy_4lanes/ddr_byte_lane_D.ddr_byte_lane_D/phaser_out/OCLKDELAYED | UU3/u_ddr3/u_ddr3_mig/u_memc_ui_top_std/mem_intfc0/ddr_phy_top0/u_ddr_mc_phy_wrapper/u_ddr_mc_phy/ddr_phy_4lanes_0.u_ddr_phy_4lanes/ddr_byte_lane_D.ddr_byte_lane_D/oserdes_clk_delayed - Static -
| 3        | PLLE2_ADV/CLKOUT1          | PLLE2_ADV_X1Y3       | PLLE2_ADV_X1Y3/PLLE2_ADV            | X1Y3         |           1 |               6 |        3.000 | mem_refclk    | UU3/u_ddr3/u_ddr3_mig/u_ddr3_infrastructure/plle2_i/CLKOUT1                                                                                                                                | UU3/u_ddr3/u_ddr3_mig/u_ddr3_infrastructure/mem_refclk                                                                                                                                  - Static -
+----------+----------------------------+----------------------+-------------------------------------+--------------+-------------+-----------------+--------------+---------------+--------------------------------------------------------------------------------------------------------------------------------------------------------------------------------------------+-----------------------------------------------------------------------------------------------------------------------------------------------------------------------------------------||
* Local Clocks in this context represents only clocks driven by non-global buffers
** Clock Loads column represents the clock pin loads (pin count)
*** Non-Clock Loads column represents the non-clock pin loads (pin count)


5. Clock Regions: Key Resource Utilization
------------------------------------------

+-------------------+--------------+--------------+--------------+--------------+--------------+--------------+--------------+--------------+--------------+--------------+--------------+--------------+--------------+--------------+--------------+
|                   | Global Clock |     BUFRs    |    BUFMRs    |    BUFIOs    |     MMCM     |      PLL     |      GT      |      PCI     |    ILOGIC    |    OLOGIC    |      FF      |     LUTM     |    RAMB18    |    RAMB36    |    DSP48E2   |
+-------------------+------+-------+------+-------+------+-------+------+-------+------+-------+------+-------+------+-------+------+-------+------+-------+------+-------+------+-------+------+-------+------+-------+------+-------+------+-------+
| Clock Region Name | Used | Avail | Used | Avail | Used | Avail | Used | Avail | Used | Avail | Used | Avail | Used | Avail | Used | Avail | Used | Avail | Used | Avail | Used | Avail | Used | Avail | Used | Avail | Used | Avail | Used | Avail |
+-------------------+------+-------+------+-------+------+-------+------+-------+------+-------+------+-------+------+-------+------+-------+------+-------+------+-------+------+-------+------+-------+------+-------+------+-------+------+-------+
| X0Y0              |    0 |    12 |    0 |     4 |    0 |     2 |    0 |     4 |    0 |     1 |    0 |     1 |    0 |     4 |    0 |     0 |    0 |    50 |    0 |    50 |    0 |  2700 |    0 |   800 |    0 |    60 |    0 |    30 |    0 |    60 |
| X1Y0              |    2 |    12 |    0 |     4 |    0 |     2 |    0 |     4 |    0 |     1 |    1 |     1 |    0 |     4 |    0 |     0 |    0 |    50 |    0 |    50 |    0 |  2500 |    0 |   800 |    0 |    40 |    0 |    20 |    0 |    40 |
| X0Y1              |    0 |    12 |    0 |     4 |    0 |     2 |    0 |     4 |    0 |     1 |    0 |     1 |    0 |     0 |    0 |     0 |    0 |    50 |    0 |    50 |    0 |  4200 |    0 |  1400 |    0 |   100 |    0 |    50 |    0 |   100 |
| X1Y1              |    0 |    12 |    0 |     4 |    0 |     2 |    0 |     4 |    0 |     1 |    0 |     1 |    0 |     0 |    0 |     0 |    0 |    50 |    0 |    50 |    0 |  4000 |    0 |  1400 |    0 |    80 |    0 |    40 |    0 |    80 |
| X0Y2              |    2 |    12 |    0 |     4 |    0 |     2 |    0 |     4 |    0 |     1 |    0 |     1 |    0 |     0 |    0 |     0 |    0 |    50 |    0 |    50 |   34 |  3600 |    0 |  1400 |    0 |   100 |    0 |    50 |    0 |   100 |
| X1Y2              |    5 |    12 |    0 |     4 |    0 |     2 |    0 |     4 |    1 |     1 |    0 |     1 |    0 |     0 |    0 |     0 |    0 |    50 |    0 |    50 | 2000 |  4000 |  732 |  1400 |    0 |    80 |    3 |    40 |    0 |    80 |
| X0Y3              |    3 |    12 |    0 |     4 |    0 |     2 |    0 |     4 |    0 |     1 |    0 |     1 |    0 |     0 |    0 |     0 |    0 |    50 |    0 |    50 |   75 |  3600 |   23 |  1400 |    0 |   100 |    0 |    50 |    0 |   100 |
| X1Y3              |    7 |    12 |    0 |     4 |    0 |     2 |    0 |     4 |    1 |     1 |    1 |     1 |    0 |     0 |    0 |     0 |    0 |    50 |    4 |    50 | 4680 |  4000 | 1493 |  1400 |    0 |    80 |    0 |    40 |    0 |    80 |
| X0Y4              |    0 |    12 |    0 |     4 |    0 |     2 |    0 |     4 |    0 |     1 |    0 |     1 |    0 |     4 |    0 |     1 |    0 |    50 |    0 |    50 |    0 |  2550 |    0 |   750 |    0 |    50 |    0 |    25 |    0 |    60 |
| X1Y4              |    2 |    12 |    0 |     4 |    0 |     2 |    0 |     4 |    0 |     1 |    0 |     1 |    0 |     4 |    0 |     0 |    0 |    50 |    0 |    50 |   15 |  2500 |    9 |   800 |    0 |    40 |    0 |    20 |    0 |    40 |
+-------------------+------+-------+------+-------+------+-------+------+-------+------+-------+------+-------+------+-------+------+-------+------+-------+------+-------+------+-------+------+-------+------+-------+------+-------+------+-------+
* Global Clock column represents track count; while other columns represents cell counts


6. Clock Regions : Global Clock Summary
---------------------------------------

All Modules
+----+----+----+
|    | X0 | X1 |
+----+----+----+
| Y4 |  0 |  2 |
| Y3 |  3 |  7 |
| Y2 |  2 |  5 |
| Y1 |  0 |  0 |
| Y0 |  0 |  2 |
+----+----+----+


7. Device Cell Placement Summary for Global Clock g0
----------------------------------------------------

+-----------+-----------------+-------------------+-----------+-------------+---------------+-------------+----------+----------------+----------+-------------------------------------------------+
| Global Id | Driver Type/Pin | Driver Region (D) | Clock     | Period (ns) | Waveform (ns) | Slice Loads | IO Loads | Clocking Loads | GT Loads | Net                                             |
+-----------+-----------------+-------------------+-----------+-------------+---------------+-------------+----------+----------------+----------+-------------------------------------------------+
| g0        | BUFG/O          | n/a               | clk_pll_i |      12.000 | {0.000 6.000} |        6065 |        0 |              1 |        0 | UU3/u_ddr3/u_ddr3_mig/u_ddr3_infrastructure/CLK |
+-----------+-----------------+-------------------+-----------+-------------+---------------+-------------+----------+----------------+----------+-------------------------------------------------+
* Slice Loads column represents load cell count of all cell types other than IO, GT and clock resources
** IO Loads column represents load cell count of IO types
*** Clocking Loads column represents load cell count that are clock resources (global clock buffer, MMCM, PLL, etc)
**** GT Loads column represents load cell count of GT types


+----+----+-------+-----------------------+
|    | X0 | X1    | HORIZONTAL PROG DELAY |
+----+----+-------+-----------------------+
| Y4 |  0 |     0 |                     0 |
| Y3 |  0 |  4210 |                     0 |
| Y2 |  6 |  1850 |                     0 |
| Y1 |  0 |     0 |                     0 |
| Y0 |  0 |     0 |                     0 |
+----+----+-------+-----------------------+


8. Device Cell Placement Summary for Global Clock g1
----------------------------------------------------

+-----------+-----------------+-------------------+--------------------------------------------------------------------------------------------+-------------+----------------+-------------+----------+----------------+----------+----------------------------------------+
| Global Id | Driver Type/Pin | Driver Region (D) | Clock                                                                                      | Period (ns) | Waveform (ns)  | Slice Loads | IO Loads | Clocking Loads | GT Loads | Net                                    |
+-----------+-----------------+-------------------+--------------------------------------------------------------------------------------------+-------------+----------------+-------------+----------+----------------+----------+----------------------------------------+
| g1        | BUFG/O          | n/a               | dbg_hub/inst/BSCANID.u_xsdbm_id/SWITCH_N_EXT_BSCAN.bscan_inst/SERIES7_BSCAN.bscan_inst/TCK |      33.000 | {0.000 16.500} |         458 |        0 |              0 |        0 | dbg_hub/inst/BSCANID.u_xsdbm_id/itck_i |
+-----------+-----------------+-------------------+--------------------------------------------------------------------------------------------+-------------+----------------+-------------+----------+----------------+----------+----------------------------------------+
* Slice Loads column represents load cell count of all cell types other than IO, GT and clock resources
** IO Loads column represents load cell count of IO types
*** Clocking Loads column represents load cell count that are clock resources (global clock buffer, MMCM, PLL, etc)
**** GT Loads column represents load cell count of GT types


+----+----+------+-----------------------+
|    | X0 | X1   | HORIZONTAL PROG DELAY |
+----+----+------+-----------------------+
| Y4 |  0 |    0 |                     0 |
| Y3 |  0 |  321 |                     0 |
| Y2 |  0 |  137 |                     0 |
| Y1 |  0 |    0 |                     0 |
| Y0 |  0 |    0 |                     0 |
+----+----+------+-----------------------+


9. Device Cell Placement Summary for Global Clock g2
----------------------------------------------------

+-----------+-----------------+-------------------+-----------------+-------------+----------------+-------------+----------+----------------+----------+-----------------------------+
| Global Id | Driver Type/Pin | Driver Region (D) | Clock           | Period (ns) | Waveform (ns)  | Slice Loads | IO Loads | Clocking Loads | GT Loads | Net                         |
+-----------+-----------------+-------------------+-----------------+-------------+----------------+-------------+----------+----------------+----------+-----------------------------+
| g2        | BUFG/O          | n/a               | clk_50M_sys_clk |      20.000 | {0.000 10.000} |         402 |        0 |              1 |        0 | UU1/U0_sys_clk/inst/clk_50M |
+-----------+-----------------+-------------------+-----------------+-------------+----------------+-------------+----------+----------------+----------+-----------------------------+
* Slice Loads column represents load cell count of all cell types other than IO, GT and clock resources
** IO Loads column represents load cell count of IO types
*** Clocking Loads column represents load cell count that are clock resources (global clock buffer, MMCM, PLL, etc)
**** GT Loads column represents load cell count of GT types


+----+-----+------+-----------------------+
|    | X0  | X1   | HORIZONTAL PROG DELAY |
+----+-----+------+-----------------------+
| Y4 |   0 |    0 |                     0 |
| Y3 |  30 |  196 |                     0 |
| Y2 |  28 |  148 |                     0 |
| Y1 |   0 |    0 |                     0 |
| Y0 |   0 |    1 |                     0 |
+----+-----+------+-----------------------+


10. Device Cell Placement Summary for Global Clock g3
-----------------------------------------------------

+-----------+-----------------+-------------------+------------------+-------------+---------------+-------------+----------+----------------+----------+------------------------------+
| Global Id | Driver Type/Pin | Driver Region (D) | Clock            | Period (ns) | Waveform (ns) | Slice Loads | IO Loads | Clocking Loads | GT Loads | Net                          |
+-----------+-----------------+-------------------+------------------+-------------+---------------+-------------+----------+----------------+----------+------------------------------+
| g3        | BUFG/O          | n/a               | clk_200M_sys_clk |       5.000 | {0.000 2.500} |          62 |        0 |              0 |        0 | UU1/U0_sys_clk/inst/clk_200M |
+-----------+-----------------+-------------------+------------------+-------------+---------------+-------------+----------+----------------+----------+------------------------------+
* Slice Loads column represents load cell count of all cell types other than IO, GT and clock resources
** IO Loads column represents load cell count of IO types
*** Clocking Loads column represents load cell count that are clock resources (global clock buffer, MMCM, PLL, etc)
**** GT Loads column represents load cell count of GT types


+----+-----+-----+-----------------------+
|    | X0  | X1  | HORIZONTAL PROG DELAY |
+----+-----+-----+-----------------------+
| Y4 |   0 |  15 |                     0 |
| Y3 |  46 |   1 |                     0 |
| Y2 |   0 |   0 |                     0 |
| Y1 |   0 |   0 |                     0 |
| Y0 |   0 |   0 |                     0 |
+----+-----+-----+-----------------------+


11. Device Cell Placement Summary for Global Clock g4
-----------------------------------------------------

+-----------+-----------------+-------------------+------------------+-------------+----------------+-------------+----------+----------------+----------+------------------------------------------+
| Global Id | Driver Type/Pin | Driver Region (D) | Clock            | Period (ns) | Waveform (ns)  | Slice Loads | IO Loads | Clocking Loads | GT Loads | Net                                      |
+-----------+-----------------+-------------------+------------------+-------------+----------------+-------------+----------+----------------+----------+------------------------------------------+
| g4        | BUFG/O          | n/a               | clkfbout_sys_clk |      20.000 | {0.000 10.000} |           0 |        0 |              1 |        0 | UU1/U0_sys_clk/inst/clkfbout_buf_sys_clk |
+-----------+-----------------+-------------------+------------------+-------------+----------------+-------------+----------+----------------+----------+------------------------------------------+
* Slice Loads column represents load cell count of all cell types other than IO, GT and clock resources
** IO Loads column represents load cell count of IO types
*** Clocking Loads column represents load cell count that are clock resources (global clock buffer, MMCM, PLL, etc)
**** GT Loads column represents load cell count of GT types


+----+----+----+-----------------------+
|    | X0 | X1 | HORIZONTAL PROG DELAY |
+----+----+----+-----------------------+
| Y4 |  0 |  0 |                     0 |
| Y3 |  0 |  0 |                     0 |
| Y2 |  0 |  1 |                     0 |
| Y1 |  0 |  0 |                     0 |
| Y0 |  0 |  0 |                     0 |
+----+----+----+-----------------------+


12. Device Cell Placement Summary for Global Clock g5
-----------------------------------------------------

+-----------+-----------------+-------------------+------------------+-------------+----------------+-------------+----------+----------------+----------+------------------------------------------+
| Global Id | Driver Type/Pin | Driver Region (D) | Clock            | Period (ns) | Waveform (ns)  | Slice Loads | IO Loads | Clocking Loads | GT Loads | Net                                      |
+-----------+-----------------+-------------------+------------------+-------------+----------------+-------------+----------+----------------+----------+------------------------------------------+
| g5        | BUFG/O          | n/a               | clkfbout_ddr_clk |      20.000 | {0.000 10.000} |           0 |        0 |              1 |        0 | UU1/U1_ddr_clk/inst/clkfbout_buf_ddr_clk |
+-----------+-----------------+-------------------+------------------+-------------+----------------+-------------+----------+----------------+----------+------------------------------------------+
* Slice Loads column represents load cell count of all cell types other than IO, GT and clock resources
** IO Loads column represents load cell count of IO types
*** Clocking Loads column represents load cell count that are clock resources (global clock buffer, MMCM, PLL, etc)
**** GT Loads column represents load cell count of GT types


+----+----+----+-----------------------+
|    | X0 | X1 | HORIZONTAL PROG DELAY |
+----+----+----+-----------------------+
| Y4 |  0 |  0 |                     0 |
| Y3 |  0 |  0 |                     0 |
| Y2 |  0 |  0 |                     0 |
| Y1 |  0 |  0 |                     0 |
| Y0 |  0 |  1 |                     0 |
+----+----+----+-----------------------+


13. Device Cell Placement Summary for Global Clock g6
-----------------------------------------------------

+-----------+-----------------+-------------------+------------------+-------------+---------------+-------------+----------+----------------+----------+------------------------------+
| Global Id | Driver Type/Pin | Driver Region (D) | Clock            | Period (ns) | Waveform (ns) | Slice Loads | IO Loads | Clocking Loads | GT Loads | Net                          |
+-----------+-----------------+-------------------+------------------+-------------+---------------+-------------+----------+----------------+----------+------------------------------+
| g6        | BUFG/O          | n/a               | ddr3_clk_ddr_clk |       3.000 | {0.000 1.500} |           0 |        0 |              1 |        0 | UU1/U1_ddr_clk/inst/ddr3_clk |
+-----------+-----------------+-------------------+------------------+-------------+---------------+-------------+----------+----------------+----------+------------------------------+
* Slice Loads column represents load cell count of all cell types other than IO, GT and clock resources
** IO Loads column represents load cell count of IO types
*** Clocking Loads column represents load cell count that are clock resources (global clock buffer, MMCM, PLL, etc)
**** GT Loads column represents load cell count of GT types


+----+----+----+-----------------------+
|    | X0 | X1 | HORIZONTAL PROG DELAY |
+----+----+----+-----------------------+
| Y4 |  0 |  0 |                     0 |
| Y3 |  0 |  1 |                     0 |
| Y2 |  0 |  0 |                     0 |
| Y1 |  0 |  0 |                     0 |
| Y0 |  0 |  0 |                     0 |
+----+----+----+-----------------------+


14. Device Cell Placement Summary for Global Clock g7
-----------------------------------------------------

+-----------+-----------------+-------------------+--------------+-------------+---------------+-------------+----------+----------------+----------+------------------------------------------------------+
| Global Id | Driver Type/Pin | Driver Region (D) | Clock        | Period (ns) | Waveform (ns) | Slice Loads | IO Loads | Clocking Loads | GT Loads | Net                                                  |
+-----------+-----------------+-------------------+--------------+-------------+---------------+-------------+----------+----------------+----------+------------------------------------------------------+
| g7        | BUFH/O          | X1Y3              | pll_clk3_out |      12.000 | {0.000 6.000} |           0 |        0 |              1 |        0 | UU3/u_ddr3/u_ddr3_mig/u_ddr3_infrastructure/pll_clk3 |
+-----------+-----------------+-------------------+--------------+-------------+---------------+-------------+----------+----------------+----------+------------------------------------------------------+
* Slice Loads column represents load cell count of all cell types other than IO, GT and clock resources
** IO Loads column represents load cell count of IO types
*** Clocking Loads column represents load cell count that are clock resources (global clock buffer, MMCM, PLL, etc)
**** GT Loads column represents load cell count of GT types


+----+----+--------+-----------------------+
|    | X0 | X1     | HORIZONTAL PROG DELAY |
+----+----+--------+-----------------------+
| Y4 |  0 |      0 |                     0 |
| Y3 |  0 |  (D) 1 |                     0 |
| Y2 |  0 |      0 |                     0 |
| Y1 |  0 |      0 |                     0 |
| Y0 |  0 |      0 |                     0 |
+----+----+--------+-----------------------+


15. Device Cell Placement Summary for Global Clock g8
-----------------------------------------------------

+-----------+-----------------+-------------------+-------+-------------+---------------+-------------+----------+----------------+----------+-----------+
| Global Id | Driver Type/Pin | Driver Region (D) | Clock | Period (ns) | Waveform (ns) | Slice Loads | IO Loads | Clocking Loads | GT Loads | Net       |
+-----------+-----------------+-------------------+-------+-------------+---------------+-------------+----------+----------------+----------+-----------+
| g8        | BUFGCTRL/O      | n/a               |       |             |               |           6 |        0 |              0 |        0 | UU2/rst_n |
+-----------+-----------------+-------------------+-------+-------------+---------------+-------------+----------+----------------+----------+-----------+
* Slice Loads column represents load cell count of all cell types other than IO, GT and clock resources
** IO Loads column represents load cell count of IO types
*** Clocking Loads column represents load cell count that are clock resources (global clock buffer, MMCM, PLL, etc)
**** GT Loads column represents load cell count of GT types


+----+----+----+-----------------------+
|    | X0 | X1 | HORIZONTAL PROG DELAY |
+----+----+----+-----------------------+
| Y4 |  0 |  1 |                     0 |
| Y3 |  1 |  3 |                     0 |
| Y2 |  0 |  1 |                     0 |
| Y1 |  0 |  0 |                     0 |
| Y0 |  0 |  0 |                     0 |
+----+----+----+-----------------------+


16. Clock Region Cell Placement per Global Clock: Region X1Y0
-------------------------------------------------------------

+-----------+-------+-----------------+------------+-------------+-----------------+----+--------+------+-----+----+------+-----+---------+------------------------------------------+
| Global Id | Track | Driver Type/Pin | Constraint | Clock Loads | Non-Clock Loads | FF | LUTRAM | RAMB | DSP | GT | MMCM | PLL | Hard IP | Net                                      |
+-----------+-------+-----------------+------------+-------------+-----------------+----+--------+------+-----+----+------+-----+---------+------------------------------------------+
| g2        | n/a   | BUFG/O          | None       |           1 |               0 |  0 |      0 |    0 |   0 |  0 |    0 |   1 |       0 | UU1/U0_sys_clk/inst/clk_50M              |
| g5        | n/a   | BUFG/O          | None       |           1 |               0 |  0 |      0 |    0 |   0 |  0 |    0 |   1 |       0 | UU1/U1_ddr_clk/inst/clkfbout_buf_ddr_clk |
+-----------+-------+-----------------+------------+-------------+-----------------+----+--------+------+-----+----+------+-----+---------+------------------------------------------+
* Clock Loads column represents the clock pin loads (pin count)
** Non-Clock Loads column represents the non-clock pin loads (pin count)
*** Columns FF, LUTRAM, RAMB through 'Hard IP' represents load cell counts


17. Clock Region Cell Placement per Global Clock: Region X0Y2
-------------------------------------------------------------

+-----------+-------+-----------------+------------+-------------+-----------------+----+--------+------+-----+----+------+-----+---------+-------------------------------------------------+
| Global Id | Track | Driver Type/Pin | Constraint | Clock Loads | Non-Clock Loads | FF | LUTRAM | RAMB | DSP | GT | MMCM | PLL | Hard IP | Net                                             |
+-----------+-------+-----------------+------------+-------------+-----------------+----+--------+------+-----+----+------+-----+---------+-------------------------------------------------+
| g0        | n/a   | BUFG/O          | None       |           6 |               0 |  6 |      0 |    0 |   0 |  0 |    0 |   0 |       0 | UU3/u_ddr3/u_ddr3_mig/u_ddr3_infrastructure/CLK |
| g2        | n/a   | BUFG/O          | None       |          28 |               0 | 28 |      0 |    0 |   0 |  0 |    0 |   0 |       0 | UU1/U0_sys_clk/inst/clk_50M                     |
+-----------+-------+-----------------+------------+-------------+-----------------+----+--------+------+-----+----+------+-----+---------+-------------------------------------------------+
* Clock Loads column represents the clock pin loads (pin count)
** Non-Clock Loads column represents the non-clock pin loads (pin count)
*** Columns FF, LUTRAM, RAMB through 'Hard IP' represents load cell counts


18. Clock Region Cell Placement per Global Clock: Region X1Y2
-------------------------------------------------------------

+-----------+-------+-----------------+------------+-------------+-----------------+------+--------+------+-----+----+------+-----+---------+-------------------------------------------------+
| Global Id | Track | Driver Type/Pin | Constraint | Clock Loads | Non-Clock Loads | FF   | LUTRAM | RAMB | DSP | GT | MMCM | PLL | Hard IP | Net                                             |
+-----------+-------+-----------------+------------+-------------+-----------------+------+--------+------+-----+----+------+-----+---------+-------------------------------------------------+
| g0        | n/a   | BUFG/O          | None       |        1850 |               0 | 1715 |    132 |    3 |   0 |  0 |    0 |   0 |       0 | UU3/u_ddr3/u_ddr3_mig/u_ddr3_infrastructure/CLK |
| g1        | n/a   | BUFG/O          | None       |         137 |               0 |  137 |      0 |    0 |   0 |  0 |    0 |   0 |       0 | dbg_hub/inst/BSCANID.u_xsdbm_id/itck_i          |
| g2        | n/a   | BUFG/O          | None       |         148 |               0 |  148 |      0 |    0 |   0 |  0 |    0 |   0 |       0 | UU1/U0_sys_clk/inst/clk_50M                     |
| g4        | n/a   | BUFG/O          | None       |           1 |               0 |    0 |      0 |    0 |   0 |  0 |    1 |   0 |       0 | UU1/U0_sys_clk/inst/clkfbout_buf_sys_clk        |
| g8        | n/a   | BUFGCTRL/O      | None       |           0 |               1 |    0 |      0 |    0 |   0 |  0 |    0 |   0 |       0 | UU2/rst_n                                       |
+-----------+-------+-----------------+------------+-------------+-----------------+------+--------+------+-----+----+------+-----+---------+-------------------------------------------------+
* Clock Loads column represents the clock pin loads (pin count)
** Non-Clock Loads column represents the non-clock pin loads (pin count)
*** Columns FF, LUTRAM, RAMB through 'Hard IP' represents load cell counts


19. Clock Region Cell Placement per Global Clock: Region X0Y3
-------------------------------------------------------------

+-----------+-------+-----------------+------------+-------------+-----------------+----+--------+------+-----+----+------+-----+---------+------------------------------+
| Global Id | Track | Driver Type/Pin | Constraint | Clock Loads | Non-Clock Loads | FF | LUTRAM | RAMB | DSP | GT | MMCM | PLL | Hard IP | Net                          |
+-----------+-------+-----------------+------------+-------------+-----------------+----+--------+------+-----+----+------+-----+---------+------------------------------+
| g2        | n/a   | BUFG/O          | None       |          30 |               0 | 30 |      0 |    0 |   0 |  0 |    0 |   0 |       0 | UU1/U0_sys_clk/inst/clk_50M  |
| g3        | n/a   | BUFG/O          | None       |          46 |               0 | 45 |      0 |    0 |   0 |  0 |    0 |   0 |       0 | UU1/U0_sys_clk/inst/clk_200M |
| g8        | n/a   | BUFGCTRL/O      | None       |           0 |               1 |  0 |      0 |    0 |   0 |  0 |    0 |   0 |       0 | UU2/rst_n                    |
+-----------+-------+-----------------+------------+-------------+-----------------+----+--------+------+-----+----+------+-----+---------+------------------------------+
* Clock Loads column represents the clock pin loads (pin count)
** Non-Clock Loads column represents the non-clock pin loads (pin count)
*** Columns FF, LUTRAM, RAMB through 'Hard IP' represents load cell counts


20. Clock Region Cell Placement per Global Clock: Region X1Y3
-------------------------------------------------------------

+-----------+-------+-----------------+------------+-------------+-----------------+------+--------+------+-----+----+------+-----+---------+------------------------------------------------------+
| Global Id | Track | Driver Type/Pin | Constraint | Clock Loads | Non-Clock Loads | FF   | LUTRAM | RAMB | DSP | GT | MMCM | PLL | Hard IP | Net                                                  |
+-----------+-------+-----------------+------------+-------------+-----------------+------+--------+------+-----+----+------+-----+---------+------------------------------------------------------+
| g0        | n/a   | BUFG/O          | None       |        4210 |               0 | 4163 |     17 |    0 |   0 |  0 |    1 |   0 |       0 | UU3/u_ddr3/u_ddr3_mig/u_ddr3_infrastructure/CLK      |
| g1        | n/a   | BUFG/O          | None       |         321 |               0 |  321 |      0 |    0 |   0 |  0 |    0 |   0 |       0 | dbg_hub/inst/BSCANID.u_xsdbm_id/itck_i               |
| g2        | n/a   | BUFG/O          | None       |         196 |               0 |  196 |      0 |    0 |   0 |  0 |    0 |   0 |       0 | UU1/U0_sys_clk/inst/clk_50M                          |
| g3        | n/a   | BUFG/O          | None       |           1 |               0 |    0 |      0 |    0 |   0 |  0 |    0 |   0 |       0 | UU1/U0_sys_clk/inst/clk_200M                         |
| g6        | n/a   | BUFG/O          | None       |           1 |               0 |    0 |      0 |    0 |   0 |  0 |    0 |   1 |       0 | UU1/U1_ddr_clk/inst/ddr3_clk                         |
| g7        | n/a   | BUFH/O          | None       |           1 |               0 |    0 |      0 |    0 |   0 |  0 |    1 |   0 |       0 | UU3/u_ddr3/u_ddr3_mig/u_ddr3_infrastructure/pll_clk3 |
| g8        | n/a   | BUFGCTRL/O      | None       |           0 |               3 |    0 |      0 |    0 |   0 |  0 |    0 |   0 |       0 | UU2/rst_n                                            |
+-----------+-------+-----------------+------------+-------------+-----------------+------+--------+------+-----+----+------+-----+---------+------------------------------------------------------+
* Clock Loads column represents the clock pin loads (pin count)
** Non-Clock Loads column represents the non-clock pin loads (pin count)
*** Columns FF, LUTRAM, RAMB through 'Hard IP' represents load cell counts


21. Clock Region Cell Placement per Global Clock: Region X1Y4
-------------------------------------------------------------

+-----------+-------+-----------------+------------+-------------+-----------------+----+--------+------+-----+----+------+-----+---------+------------------------------+
| Global Id | Track | Driver Type/Pin | Constraint | Clock Loads | Non-Clock Loads | FF | LUTRAM | RAMB | DSP | GT | MMCM | PLL | Hard IP | Net                          |
+-----------+-------+-----------------+------------+-------------+-----------------+----+--------+------+-----+----+------+-----+---------+------------------------------+
| g3        | n/a   | BUFG/O          | None       |          15 |               0 | 15 |      0 |    0 |   0 |  0 |    0 |   0 |       0 | UU1/U0_sys_clk/inst/clk_200M |
| g8        | n/a   | BUFGCTRL/O      | None       |           0 |               1 |  0 |      0 |    0 |   0 |  0 |    0 |   0 |       0 | UU2/rst_n                    |
+-----------+-------+-----------------+------------+-------------+-----------------+----+--------+------+-----+----+------+-----+---------+------------------------------+
* Clock Loads column represents the clock pin loads (pin count)
** Non-Clock Loads column represents the non-clock pin loads (pin count)
*** Columns FF, LUTRAM, RAMB through 'Hard IP' represents load cell counts



# Location of BUFG Primitives 
set_property LOC BUFGCTRL_X0Y2 [get_cells dbg_hub/inst/BSCANID.u_xsdbm_id/SWITCH_N_EXT_BSCAN.u_bufg_icon_tck]
set_property LOC BUFGCTRL_X0Y16 [get_cells UU3/u_ddr3/u_ddr3_mig/u_ddr3_infrastructure/u_bufg_clkdiv0]
set_property LOC BUFGCTRL_X0Y4 [get_cells UU2/BUFGCE_inst]
set_property LOC BUFGCTRL_X0Y1 [get_cells UU1/U1_ddr_clk/inst/clkout1_buf]
set_property LOC BUFGCTRL_X0Y6 [get_cells UU1/U1_ddr_clk/inst/clkf_buf]
set_property LOC BUFGCTRL_X0Y5 [get_cells UU1/U0_sys_clk/inst/clkf_buf]
set_property LOC BUFGCTRL_X0Y3 [get_cells UU1/U0_sys_clk/inst/clkout2_buf]
set_property LOC BUFGCTRL_X0Y0 [get_cells UU1/U0_sys_clk/inst/clkout1_buf]

# Location of BUFH Primitives 
set_property LOC BUFHCE_X1Y36 [get_cells UU3/u_ddr3/u_ddr3_mig/u_ddr3_infrastructure/u_bufh_pll_clk3]

# Location of IO Primitives which is load of clock spine

# Location of clock ports
set_property LOC IOB_X1Y124 [get_ports sys_clk]

# Clock net "dbg_hub/inst/BSCANID.u_xsdbm_id/itck_i" driven by instance "dbg_hub/inst/BSCANID.u_xsdbm_id/SWITCH_N_EXT_BSCAN.u_bufg_icon_tck" located at site "BUFGCTRL_X0Y2"
#startgroup
create_pblock {CLKAG_dbg_hub/inst/BSCANID.u_xsdbm_id/itck_i}
add_cells_to_pblock [get_pblocks  {CLKAG_dbg_hub/inst/BSCANID.u_xsdbm_id/itck_i}] [get_cells -filter { PRIMITIVE_GROUP != I/O && IS_PRIMITIVE==1 && PRIMITIVE_LEVEL !=INTERNAL } -of_object [get_pins -filter {DIRECTION==IN} -of_objects [get_nets -hierarchical -filter {PARENT=="dbg_hub/inst/BSCANID.u_xsdbm_id/itck_i"}]]]
resize_pblock [get_pblocks {CLKAG_dbg_hub/inst/BSCANID.u_xsdbm_id/itck_i}] -add {CLOCKREGION_X1Y2:CLOCKREGION_X1Y2 CLOCKREGION_X1Y3:CLOCKREGION_X1Y3}
#endgroup

# Clock net "UU3/u_ddr3/u_ddr3_mig/u_ddr3_infrastructure/CLK" driven by instance "UU3/u_ddr3/u_ddr3_mig/u_ddr3_infrastructure/u_bufg_clkdiv0" located at site "BUFGCTRL_X0Y16"
#startgroup
create_pblock {CLKAG_UU3/u_ddr3/u_ddr3_mig/u_ddr3_infrastructure/CLK}
add_cells_to_pblock [get_pblocks  {CLKAG_UU3/u_ddr3/u_ddr3_mig/u_ddr3_infrastructure/CLK}] [get_cells -filter { PRIMITIVE_GROUP != I/O && IS_PRIMITIVE==1 && PRIMITIVE_LEVEL !=INTERNAL && NAME!=UU3/u_ddr3/u_ddr3_mig/u_ddr3_infrastructure/gen_mmcm.mmcm_i} -of_object [get_pins -filter {DIRECTION==IN} -of_objects [get_nets -hierarchical -filter {PARENT=="UU3/u_ddr3/u_ddr3_mig/u_ddr3_infrastructure/CLK"}]]]
resize_pblock [get_pblocks {CLKAG_UU3/u_ddr3/u_ddr3_mig/u_ddr3_infrastructure/CLK}] -add {CLOCKREGION_X0Y2:CLOCKREGION_X0Y2 CLOCKREGION_X1Y2:CLOCKREGION_X1Y2 CLOCKREGION_X1Y3:CLOCKREGION_X1Y3}
#endgroup

# Clock net "UU2/rst_n" driven by instance "UU2/BUFGCE_inst" located at site "BUFGCTRL_X0Y4"
#startgroup
create_pblock {CLKAG_UU2/rst_n}
add_cells_to_pblock [get_pblocks  {CLKAG_UU2/rst_n}] [get_cells -filter { PRIMITIVE_GROUP != I/O && IS_PRIMITIVE==1 && PRIMITIVE_LEVEL !=INTERNAL } -of_object [get_pins -filter {DIRECTION==IN} -of_objects [get_nets -hierarchical -filter {PARENT=="UU2/rst_n"}]]]
resize_pblock [get_pblocks {CLKAG_UU2/rst_n}] -add {CLOCKREGION_X0Y3:CLOCKREGION_X0Y3 CLOCKREGION_X1Y2:CLOCKREGION_X1Y2 CLOCKREGION_X1Y3:CLOCKREGION_X1Y3 CLOCKREGION_X1Y4:CLOCKREGION_X1Y4}
#endgroup

# Clock net "UU1/U0_sys_clk/inst/clk_50M" driven by instance "UU1/U0_sys_clk/inst/clkout2_buf" located at site "BUFGCTRL_X0Y3"
#startgroup
create_pblock {CLKAG_UU1/U0_sys_clk/inst/clk_50M}
add_cells_to_pblock [get_pblocks  {CLKAG_UU1/U0_sys_clk/inst/clk_50M}] [get_cells -filter { PRIMITIVE_GROUP != I/O && IS_PRIMITIVE==1 && PRIMITIVE_LEVEL !=INTERNAL && NAME!=UU1/U1_ddr_clk/inst/plle2_adv_inst} -of_object [get_pins -filter {DIRECTION==IN} -of_objects [get_nets -hierarchical -filter {PARENT=="UU1/U0_sys_clk/inst/clk_50M"}]]]
resize_pblock [get_pblocks {CLKAG_UU1/U0_sys_clk/inst/clk_50M}] -add {CLOCKREGION_X0Y2:CLOCKREGION_X0Y2 CLOCKREGION_X0Y3:CLOCKREGION_X0Y3 CLOCKREGION_X1Y2:CLOCKREGION_X1Y2 CLOCKREGION_X1Y3:CLOCKREGION_X1Y3}
#endgroup

# Clock net "UU1/U0_sys_clk/inst/clk_200M" driven by instance "UU1/U0_sys_clk/inst/clkout1_buf" located at site "BUFGCTRL_X0Y0"
#startgroup
create_pblock {CLKAG_UU1/U0_sys_clk/inst/clk_200M}
add_cells_to_pblock [get_pblocks  {CLKAG_UU1/U0_sys_clk/inst/clk_200M}] [get_cells -filter { PRIMITIVE_GROUP != I/O && IS_PRIMITIVE==1 && PRIMITIVE_LEVEL !=INTERNAL } -of_object [get_pins -filter {DIRECTION==IN} -of_objects [get_nets -hierarchical -filter {PARENT=="UU1/U0_sys_clk/inst/clk_200M"}]]]
resize_pblock [get_pblocks {CLKAG_UU1/U0_sys_clk/inst/clk_200M}] -add {CLOCKREGION_X0Y3:CLOCKREGION_X0Y3 CLOCKREGION_X1Y3:CLOCKREGION_X1Y3 CLOCKREGION_X1Y4:CLOCKREGION_X1Y4}
#endgroup
