Copyright 1986-2020 Xilinx, Inc. All Rights Reserved.
------------------------------------------------------------------------------------
| Tool Version : Vivado v.2020.2 (win64) Build 3064766 Wed Nov 18 09:12:45 MST 2020
| Date         : Sun Feb  9 08:57:21 2025
| Host         : Win102023HEYRFQ running 64-bit major release  (build 9200)
| Command      : upgrade_ip
| Device       : xc7a50tfgg484-2
------------------------------------------------------------------------------------

Upgrade Log for IP 'sys_clk'

1. Summary
----------

SUCCESS in the conversion of sys_clk (xilinx.com:ip:clk_wiz:6.0 (Rev. 6)) to Vivado generation flows.






Copyright 1986-2020 Xilinx, Inc. All Rights Reserved.
------------------------------------------------------------------------------------
| Tool Version : Vivado v.2020.2 (win64) Build 3064766 Wed Nov 18 09:12:45 MST 2020
| Date         : Sun Feb  9 08:57:18 2025
| Host         : Win102023HEYRFQ running 64-bit major release  (build 9200)
| Command      : upgrade_ip
| Device       : xc7a50tfgg484-2
------------------------------------------------------------------------------------

Upgrade Log for IP 'ddr_clk'

1. Summary
----------

SUCCESS in the conversion of ddr_clk (xilinx.com:ip:clk_wiz:6.0 (Rev. 6)) to Vivado generation flows.






Copyright 1986-2020 Xilinx, Inc. All Rights Reserved.
------------------------------------------------------------------------------------
| Tool Version : Vivado v.2020.2 (win64) Build 3064766 Wed Nov 18 09:12:45 MST 2020
| Date         : Sun Feb  9 08:57:16 2025
| Host         : Win102023HEYRFQ running 64-bit major release  (build 9200)
| Command      : upgrade_ip
| Device       : xc7a50tfgg484-2
------------------------------------------------------------------------------------

Upgrade Log for IP 'ddr3'

1. Summary
----------

SUCCESS in the conversion of ddr3 (xilinx.com:ip:mig_7series:4.2 (Rev. 1)) to Vivado generation flows.

